
There are no discarded input sections

Memory Configuration

Name             Origin             Length             Attributes
FLASH            0x08000000         0x00080000         xr
SRAM             0x20000000         0x00020000         xrw
*default*        0x00000000         0xffffffff

Linker script and memory map

LOAD object/kmath.o
LOAD object/kfloat.o
LOAD object/cm4.o
LOAD object/kstring.o
LOAD object/kmain.o
LOAD object/stm32_startup.o
LOAD object/clock.o
LOAD object/usart.o
LOAD object/gpio.o
LOAD object/timer.o
LOAD object/kstdio.o
LOAD object/sys_init.o
LOAD object/unistd.o
LOAD object/times.o
LOAD object/kunistd.o
LOAD object/ktimes.o
LOAD object/syscall.o
LOAD object/seven_segment.o
LOAD object/sys.o
LOAD object/test_interrupt.o
LOAD object/nvic.o
LOAD object/dev_table.o
LOAD object/schedule.o
LOAD object/ustdio.o
LOAD object/kmem.o
LOAD object/app.o

.text           0x08000000     0x4658
                0x08000000                        _stext = .
 *(.isr_vector)
 .isr_vector    0x08000000      0x1c4 object/stm32_startup.o
                0x08000000                NVIC_VECTOR
 *(.text)
 .text          0x080001c4       0x4e object/kmath.o
                0x080001c4                __pow
 *fill*         0x08000212        0x2 
 .text          0x08000214      0x360 object/kfloat.o
                0x08000214                __aeabi_f2d
                0x080002da                __aeabi_d2f
                0x08000360                __aeabi_d2iz
                0x080003f6                __aeabi_d2i
                0x0800048c                get_decimal_part
 .text          0x08000574      0x208 object/cm4.o
                0x08000574                __SysTick_init
                0x080005cc                __sysTick_enable
                0x080005f4                __sysTick_disable
                0x0800061c                __getSysTickCount
                0x08000634                __updateSysTick
                0x0800068c                __getTime
                0x080006c0                __delay_ms
                0x080006ea                __enable_fpu
                0x0800070c                SysTick_Handler
                0x0800075c                __set_pending
 .text          0x0800077c      0x3b0 object/kstring.o
                0x0800077c                __str_to_num
                0x0800083c                __reverse_str
                0x0800089a                kstrcpy
                0x080008e2                __strlen
                0x08000910                convert
                0x08000968                float2str
                0x08000a34                str2float
 .text          0x08000b2c      0x2f4 object/kmain.o
                0x08000b2c                SVC_Handler_Main
                0x08000b42                print_device_list
                0x08000bf0                __move_to_user
                0x08000c38                SVC_Tester
                0x08000cbc                task_1
                0x08000d40                sleep_state
                0x08000d54                do_taskswitch
                0x08000de4                kmain
 .text          0x08000e20       0xf4 object/stm32_startup.o
                0x08000e20                Reset_Handler
                0x08000ed8                FLASH_Handler
                0x08000ed8                DMA2_Stream7_Handler
                0x08000ed8                OTG_HS_Handler
                0x08000ed8                OTG_HS_EP1_IN_Handler
                0x08000ed8                SPI4_Handler
                0x08000ed8                RTC_WKUP_Handler
                0x08000ed8                DMA2_Stream3_Handler
                0x08000ed8                USART3_Handler
                0x08000ed8                NMI_Handler
                0x08000ed8                SAI1_Handler
                0x08000ed8                TIM6_DAC_Handler
                0x08000ed8                CAN1_RX1_Handler
                0x08000ed8                EXTI15_10_Handler
                0x08000ed8                ADC_Handler
                0x08000ed8                I2C1_EV_Handler
                0x08000ed8                TAMP_STAMP_Handler
                0x08000ed8                I2C3_ER_Handler
                0x08000ed8                WWDG_Handler
                0x08000ed8                EXTI4_Handler
                0x08000ed8                I2C3_EV_Handler
                0x08000ed8                DMA1_Stream1_Handler
                0x08000ed8                DMA2_Stream4_Handler
                0x08000ed8                DMA1_Stream7_Handler
                0x08000ed8                OTG_FS_Handler
                0x08000ed8                TIM1_BRK_TIM9_Handler
                0x08000ed8                I2C1_ER_Handler
                0x08000ed8                DMA1_Stream3_Handler
                0x08000ed8                UsageFault_Handler
                0x08000ed8                TIM1_UP_TIM10_Handler
                0x08000ed8                CAN1_RX0_Handler
                0x08000ed8                TIM1_CC_Handler
                0x08000ed8                I2C2_ER_Handler
                0x08000ed8                USART6_Handler
                0x08000ed8                TIM8_CC_Handler
                0x08000ed8                HDMI_CEC_Handler
                0x08000ed8                SAI2_Handler
                0x08000ed8                CAN1_SCE_Handler
                0x08000ed8                DMA1_Stream0_Handler
                0x08000ed8                OTG_HS_EP1_OUT_Handler
                0x08000ed8                EXTI1_Handler
                0x08000ed8                FMC_Handler
                0x08000ed8                EXTI3_Handler
                0x08000ed8                EXTI2_Handler
                0x08000ed8                UART4_Handler
                0x08000ed8                CAN2_RX1_Handler
                0x08000ed8                EXTI9_5_Handler
                0x08000ed8                TIM2_Handler
                0x08000ed8                USART1_Handler
                0x08000ed8                CAN2_SCE_Handler
                0x08000ed8                TIM3_Handler
                0x08000ed8                DMA2_Stream6_Handler
                0x08000ed8                Default_Handler
                0x08000ed8                DCMI_Handler
                0x08000ed8                TIM1_TRG_COM_TIM11_Handler
                0x08000ed8                RTC_Alarm_Handler
                0x08000ed8                TIM4_Handler
                0x08000ed8                TIM8_UP_TIM13_Handler
                0x08000ed8                CAN2_TX_Handler
                0x08000ed8                SPI2_Handler
                0x08000ed8                DMA2_Stream1_Handler
                0x08000ed8                DMA1_Stream2_Handler
                0x08000ed8                EXTI0_Handler
                0x08000ed8                TIM8_BRK_TIM12_Handler
                0x08000ed8                CAN2_RX0_Handler
                0x08000ed8                DMA2_Stream5_Handler
                0x08000ed8                DMA1_Stream6_Handler
                0x08000ed8                SDIO_Handler
                0x08000ed8                FMPI2C1_ERR_Handler
                0x08000ed8                USART2_Handler
                0x08000ed8                SPI1_Handler
                0x08000ed8                I2C2_EV_Handler
                0x08000ed8                SPDIF_Rx_Handler
                0x08000ed8                DMA2_Stream2_Handler
                0x08000ed8                SPI3_Handler
                0x08000ed8                DMA2_Stream0_Handler
                0x08000ed8                RCC_Handler
                0x08000ed8                PVD_Handler
                0x08000ed8                UART5_Handler
                0x08000ed8                DMA1_Stream5_Handler
                0x08000ed8                TIM5_Handler
                0x08000ed8                QuadSPI_Handler
                0x08000ed8                TIM7_Handler
                0x08000ed8                TIM8_TRG_COM_TIM14_Handler
                0x08000ed8                CAN1_TX_Handler
                0x08000ed8                FPU_Handler
                0x08000ed8                FMPI2C1_Handler
                0x08000ed8                DMA1_Stream4_Handler
                0x08000ed8                DebugMonitor_Handler
                0x08000ed8                OTG_HS_WKUP_Handler
                0x08000ed8                OTG_FS_WKUP_Handler
                0x08000ee0                HardFault_Handler
                0x08000ef4                SVCall_Handler
 .text          0x08000f14       0xbc object/clock.o
                0x08000f14                DRV_CLOCK_INIT
 .text          0x08000fd0      0x20c object/usart.o
                0x08000fd0                DRV_USART_INIT
                0x0800108c                UART_SendChar
                0x080010ba                _USART_WRITE
                0x080010e8                _USART_READ
                0x0800113a                UART_GetChar
                0x08001164                _USART_READ_STR
 .text          0x080011dc      0x5b0 object/gpio.o
                0x080011dc                DRV_GPIO_INIT
                0x08001220                GPIO_Init
                0x08001528                GPIO_DeInit
                0x08001710                GPIO_WritePin
                0x0800175a                GPIO_IDR_Status
 .text          0x0800178c        0xe object/timer.o
                0x0800178c                DRV_TIMER_INIT
 *fill*         0x0800179a        0x2 
 .text          0x0800179c      0x32c object/kstdio.o
                0x0800179c                kprintf
                0x0800192c                kscanf
 .text          0x08001ac8       0x88 object/sys_init.o
                0x08001ac8                __sys_init
 .text          0x08001b50      0x1c4 object/unistd.o
                0x08001b50                fopen
                0x08001b80                fclose
                0x08001ba2                reboot
                0x08001bba                read_user
                0x08001bea                write_user
                0x08001c18                yeild
                0x08001c28                task_exit
                0x08001c40                getpid
                0x08001c6a                start_task
                0x08001c8c                get_time
                0x08001cb2                umalloc
                0x08001ce4                ufree
 .text          0x08001d14        0x0 object/times.o
 .text          0x08001d14      0x3d8 object/kunistd.o
                0x08001d14                __sys_start_task
                0x08001d3e                __sys_open
                0x08001dc8                __sys_close
                0x08001ea8                __sys_reboot
                0x08001ec4                __sys_read
                0x08001f60                __sys_write
                0x08001f90                __sys_getpid
                0x08001fae                __sys_get_time
                0x08001fc8                __sys_free
                0x08001fec                __sys_malloc
                0x08002020                __sys_fork
 .text          0x080020ec        0x0 object/ktimes.o
 .text          0x080020ec      0x2e0 object/syscall.o
                0x080020ec                syscall
 .text          0x080023cc      0x120 object/seven_segment.o
                0x080023cc                seven_segment_init
                0x08002430                display_digit
                0x08002490                module_exit
 .text          0x080024ec       0xe4 object/sys.o
                0x080024ec                EXTI_GPIO_Config
                0x08002522                EXTI0_Init
                0x08002578                EXTI1_Init
 .text          0x080025d0      0x35c object/test_interrupt.o
                0x080025d0                blinky_test_code
                0x0800263c                test_set_get_priority
                0x0800268c                test_masking
                0x08002764                test_hardfault
                0x08002798                test_sys_tick
                0x0800288c                test_all
 .text          0x0800292c      0x398 object/nvic.o
                0x0800292c                __NVIC_SetPriority
                0x08002980                __NVIC_GetPriority
                0x080029d0                __NVIC_EnableIRQn
                0x08002a2c                __NVIC_DisableIRQn
                0x08002a8c                __disable_irq
                0x08002aa2                __enable_irq
                0x08002ab8                __set_BASEPRI
                0x08002ade                __unset_BASEPRI
                0x08002af4                __set_PRIMASK
                0x08002b12                __get_PRIMASK
                0x08002b2e                __enable_fault_irq
                0x08002b44                __disable_fault_irq
                0x08002b5a                __set_FAULTMASK
                0x08002b70                __clear_FAULTMASK
                0x08002b86                __get_FAULTMASK
                0x08002ba2                __clear_pending_IRQn
                0x08002c04                __get_pending_IRQn
                0x08002c64                __NVIC_GetActive
 .text          0x08002cc4      0x138 object/dev_table.o
                0x08002cc4                __init_dev_table
 .text          0x08002dfc      0x3ac object/schedule.o
                0x08002dfc                init_queue
                0x08002e28                queue_add
                0x08002e80                pop
                0x08002edc                __schedule
                0x08002f20                __create_task
                0x0800300c                start_exec
                0x0800306c                __set_sleep
                0x0800308c                PendSV_Handler
                0x080030d0                print_entire_queue
                0x08003174                print_task_info
 .text          0x080031a8      0x384 object/ustdio.o
                0x080031a8                uprintf
 .text          0x0800352c      0x2f8 object/kmem.o
                0x0800352c                __init_memory_manager
                0x080035c0                __kmem_free
                0x080036ac                __kmem_malloc
 .text          0x08003824      0x124 object/app.o
                0x08003824                umain
 *(.rodata)
 .rodata        0x08003948      0x148 object/kmain.o
 .rodata        0x08003a90       0x1a object/stm32_startup.o
 *fill*         0x08003aaa        0x2 
 .rodata        0x08003aac       0xcc object/sys_init.o
 .rodata        0x08003b78       0x3b object/unistd.o
 *fill*         0x08003bb3        0x1 
 .rodata        0x08003bb4       0x30 object/kunistd.o
 .rodata        0x08003be4       0xb3 object/syscall.o
 *fill*         0x08003c97        0x1 
 .rodata        0x08003c98      0x46d object/test_interrupt.o
 *fill*         0x08004105        0x3 
 .rodata        0x08004108        0xf object/dev_table.o
 *fill*         0x08004117        0x1 
 .rodata        0x08004118       0xe6 object/schedule.o
 *fill*         0x080041fe        0x2 
 .rodata        0x08004200      0x2fd object/kmem.o
 *fill*         0x080044fd        0x3 
 .rodata        0x08004500      0x157 object/app.o
                0x08004658                        . = ALIGN (0x4)
 *fill*         0x08004657        0x1 
                0x08004658                        _etext = .
                0x08004658                        _la_data = LOADADDR (.data)

.glue_7         0x08004658        0x0
 .glue_7        0x08004658        0x0 linker stubs

.glue_7t        0x08004658        0x0
 .glue_7t       0x08004658        0x0 linker stubs

.vfp11_veneer   0x08004658        0x0
 .vfp11_veneer  0x08004658        0x0 linker stubs

.v4_bx          0x08004658        0x0
 .v4_bx         0x08004658        0x0 linker stubs

.iplt           0x08004658        0x0
 .iplt          0x08004658        0x0 object/cm4.o

.rel.dyn        0x08004658        0x0
 .rel.iplt      0x08004658        0x0 object/cm4.o

.data           0x20000000     0x80b0 load address 0x08004658
                0x20000000                        _sdata = .
 *(.data)
 .data          0x20000000        0x0 object/kmath.o
 .data          0x20000000        0x0 object/kfloat.o
 .data          0x20000000        0x0 object/cm4.o
 .data          0x20000000       0x25 object/kstring.o
 .data          0x20000025        0x0 object/kmain.o
 .data          0x20000025        0x0 object/stm32_startup.o
 .data          0x20000025        0x0 object/clock.o
 .data          0x20000025        0x0 object/usart.o
 .data          0x20000025        0x0 object/gpio.o
 .data          0x20000025        0x0 object/timer.o
 .data          0x20000025        0x0 object/kstdio.o
 .data          0x20000025        0x0 object/sys_init.o
 .data          0x20000025        0x0 object/unistd.o
 .data          0x20000025        0x0 object/times.o
 .data          0x20000025        0x0 object/kunistd.o
 .data          0x20000025        0x0 object/ktimes.o
 .data          0x20000025        0x0 object/syscall.o
 *fill*         0x20000025        0x3 
 .data          0x20000028       0x7e object/seven_segment.o
 .data          0x200000a6        0x0 object/sys.o
 .data          0x200000a6        0x0 object/test_interrupt.o
 .data          0x200000a6        0x0 object/nvic.o
 .data          0x200000a6        0x0 object/dev_table.o
 *fill*         0x200000a6        0x2 
 .data          0x200000a8        0x4 object/schedule.o
                0x200000a8                TASK_ID
 .data          0x200000ac        0x0 object/ustdio.o
 *fill*         0x200000ac        0x4 
 .data          0x200000b0     0x8000 object/kmem.o
 .data          0x200080b0        0x0 object/app.o
                0x200080b0                        . = ALIGN (0x4)
                0x200080b0                        _edata = .

.igot.plt       0x200080b0        0x0 load address 0x0800c708
 .igot.plt      0x200080b0        0x0 object/cm4.o

.bss            0x200080b0      0xe68 load address 0x0800c708
                0x200080b0                        _sbss = .
 *(.bss)
 .bss           0x200080b0        0x0 object/kmath.o
 .bss           0x200080b0        0x0 object/kfloat.o
 .bss           0x200080b0        0x5 object/cm4.o
                0x200080b4                __PendSV_Flag
 *fill*         0x200080b5        0x3 
 .bss           0x200080b8       0x32 object/kstring.o
 *fill*         0x200080ea        0x2 
 .bss           0x200080ec      0x250 object/kmain.o
                0x200080ec                __task
                0x2000831c                __sleep
                0x20008338                GLOBAL_COUNT
 .bss           0x2000833c        0xc object/stm32_startup.o
                0x2000833c                _bss_size
                0x20008340                _text_size
                0x20008344                _data_size
 .bss           0x20008348        0x0 object/clock.o
 .bss           0x20008348        0x0 object/usart.o
 .bss           0x20008348        0x0 object/gpio.o
 .bss           0x20008348        0x0 object/timer.o
 .bss           0x20008348        0x0 object/kstdio.o
 .bss           0x20008348        0x0 object/sys_init.o
 .bss           0x20008348        0x0 object/unistd.o
 .bss           0x20008348        0x0 object/times.o
 .bss           0x20008348       0x1c object/kunistd.o
 .bss           0x20008364        0x0 object/ktimes.o
 .bss           0x20008364        0x0 object/syscall.o
 .bss           0x20008364       0x14 object/seven_segment.o
 .bss           0x20008378        0x0 object/sys.o
 .bss           0x20008378        0x0 object/test_interrupt.o
 .bss           0x20008378        0x0 object/nvic.o
 .bss           0x20008378      0xb04 object/dev_table.o
                0x20008378                device_list
                0x20008e78                device_count
 .bss           0x20008e7c       0x90 object/schedule.o
                0x20008e7c                queue
                0x20008f04                current_task
                0x20008f08                sleep_task
 .bss           0x20008f0c        0x0 object/ustdio.o
 .bss           0x20008f0c        0xc object/kmem.o
 .bss           0x20008f18        0x0 object/app.o
                0x20008f18                        _ebss = .
OUTPUT(target/duos elf32-littlearm)
LOAD linker stubs

.comment        0x00000000       0x12
 .comment       0x00000000       0x12 object/kmath.o
                                 0x13 (size before relaxing)
 .comment       0x00000012       0x13 object/kfloat.o
 .comment       0x00000012       0x13 object/cm4.o
 .comment       0x00000012       0x13 object/kstring.o
 .comment       0x00000012       0x13 object/kmain.o
 .comment       0x00000012       0x13 object/stm32_startup.o
 .comment       0x00000012       0x13 object/clock.o
 .comment       0x00000012       0x13 object/usart.o
 .comment       0x00000012       0x13 object/gpio.o
 .comment       0x00000012       0x13 object/timer.o
 .comment       0x00000012       0x13 object/kstdio.o
 .comment       0x00000012       0x13 object/sys_init.o
 .comment       0x00000012       0x13 object/unistd.o
 .comment       0x00000012       0x13 object/times.o
 .comment       0x00000012       0x13 object/kunistd.o
 .comment       0x00000012       0x13 object/ktimes.o
 .comment       0x00000012       0x13 object/syscall.o
 .comment       0x00000012       0x13 object/seven_segment.o
 .comment       0x00000012       0x13 object/sys.o
 .comment       0x00000012       0x13 object/test_interrupt.o
 .comment       0x00000012       0x13 object/nvic.o
 .comment       0x00000012       0x13 object/dev_table.o
 .comment       0x00000012       0x13 object/schedule.o
 .comment       0x00000012       0x13 object/ustdio.o
 .comment       0x00000012       0x13 object/kmem.o
 .comment       0x00000012       0x13 object/app.o

.ARM.attributes
                0x00000000       0x32
 .ARM.attributes
                0x00000000       0x32 object/kmath.o
 .ARM.attributes
                0x00000032       0x32 object/kfloat.o
 .ARM.attributes
                0x00000064       0x32 object/cm4.o
 .ARM.attributes
                0x00000096       0x32 object/kstring.o
 .ARM.attributes
                0x000000c8       0x32 object/kmain.o
 .ARM.attributes
                0x000000fa       0x32 object/stm32_startup.o
 .ARM.attributes
                0x0000012c       0x32 object/clock.o
 .ARM.attributes
                0x0000015e       0x32 object/usart.o
 .ARM.attributes
                0x00000190       0x32 object/gpio.o
 .ARM.attributes
                0x000001c2       0x32 object/timer.o
 .ARM.attributes
                0x000001f4       0x32 object/kstdio.o
 .ARM.attributes
                0x00000226       0x32 object/sys_init.o
 .ARM.attributes
                0x00000258       0x32 object/unistd.o
 .ARM.attributes
                0x0000028a       0x32 object/times.o
 .ARM.attributes
                0x000002bc       0x32 object/kunistd.o
 .ARM.attributes
                0x000002ee       0x32 object/ktimes.o
 .ARM.attributes
                0x00000320       0x32 object/syscall.o
 .ARM.attributes
                0x00000352       0x32 object/seven_segment.o
 .ARM.attributes
                0x00000384       0x32 object/sys.o
 .ARM.attributes
                0x000003b6       0x32 object/test_interrupt.o
 .ARM.attributes
                0x000003e8       0x32 object/nvic.o
 .ARM.attributes
                0x0000041a       0x32 object/dev_table.o
 .ARM.attributes
                0x0000044c       0x32 object/schedule.o
 .ARM.attributes
                0x0000047e       0x32 object/ustdio.o
 .ARM.attributes
                0x000004b0       0x32 object/kmem.o
 .ARM.attributes
                0x000004e2       0x32 object/app.o
