
Discarded input sections

 .group         0x00000000        0xc object/kmath.o
 .group         0x00000000        0xc object/kmath.o
 .group         0x00000000        0xc object/kmath.o
 .group         0x00000000        0xc object/kmath.o
 .group         0x00000000        0xc object/kmath.o
 .group         0x00000000        0xc object/kmath.o
 .group         0x00000000        0xc object/kmath.o
 .group         0x00000000        0xc object/kfloat.o
 .group         0x00000000        0xc object/kfloat.o
 .group         0x00000000        0xc object/kfloat.o
 .group         0x00000000        0xc object/kfloat.o
 .group         0x00000000        0xc object/kfloat.o
 .group         0x00000000        0xc object/kfloat.o
 .group         0x00000000        0xc object/kfloat.o
 .group         0x00000000        0xc object/kfloat.o
 .group         0x00000000        0xc object/kfloat.o
 .debug_macro   0x00000000      0xa66 object/kfloat.o
 .debug_macro   0x00000000       0x22 object/kfloat.o
 .debug_macro   0x00000000       0x8e object/kfloat.o
 .debug_macro   0x00000000       0x51 object/kfloat.o
 .debug_macro   0x00000000      0x103 object/kfloat.o
 .debug_macro   0x00000000       0x6a object/kfloat.o
 .debug_macro   0x00000000      0x1df object/kfloat.o
 .group         0x00000000        0xc object/cm4.o
 .group         0x00000000        0xc object/cm4.o
 .group         0x00000000        0xc object/cm4.o
 .group         0x00000000        0xc object/cm4.o
 .group         0x00000000        0xc object/cm4.o
 .group         0x00000000        0xc object/cm4.o
 .group         0x00000000        0xc object/cm4.o
 .group         0x00000000        0xc object/cm4.o
 .group         0x00000000        0xc object/cm4.o
 .group         0x00000000        0xc object/cm4.o
 .group         0x00000000        0xc object/cm4.o
 .group         0x00000000        0xc object/cm4.o
 .group         0x00000000        0xc object/cm4.o
 .group         0x00000000        0xc object/cm4.o
 .group         0x00000000        0xc object/cm4.o
 .group         0x00000000        0xc object/cm4.o
 .group         0x00000000        0xc object/cm4.o
 .group         0x00000000        0xc object/cm4.o
 .debug_macro   0x00000000      0xa66 object/cm4.o
 .debug_macro   0x00000000       0x22 object/cm4.o
 .debug_macro   0x00000000       0x8e object/cm4.o
 .debug_macro   0x00000000       0x51 object/cm4.o
 .debug_macro   0x00000000      0x103 object/cm4.o
 .debug_macro   0x00000000       0x6a object/cm4.o
 .debug_macro   0x00000000      0x1df object/cm4.o
 .debug_macro   0x00000000       0x8c object/cm4.o
 .group         0x00000000        0xc object/mcu_info.o
 .group         0x00000000        0xc object/mcu_info.o
 .group         0x00000000        0xc object/mcu_info.o
 .group         0x00000000        0xc object/mcu_info.o
 .group         0x00000000        0xc object/mcu_info.o
 .group         0x00000000        0xc object/mcu_info.o
 .group         0x00000000        0xc object/mcu_info.o
 .group         0x00000000        0xc object/mcu_info.o
 .group         0x00000000        0xc object/mcu_info.o
 .debug_macro   0x00000000      0xa66 object/mcu_info.o
 .debug_macro   0x00000000       0x22 object/mcu_info.o
 .debug_macro   0x00000000       0x8e object/mcu_info.o
 .debug_macro   0x00000000       0x51 object/mcu_info.o
 .debug_macro   0x00000000      0x103 object/mcu_info.o
 .debug_macro   0x00000000       0x6a object/mcu_info.o
 .debug_macro   0x00000000      0x1df object/mcu_info.o
 .debug_macro   0x00000000       0x8c object/mcu_info.o
 .group         0x00000000        0xc object/kstring.o
 .group         0x00000000        0xc object/kstring.o
 .group         0x00000000        0xc object/kstring.o
 .group         0x00000000        0xc object/kstring.o
 .group         0x00000000        0xc object/kstring.o
 .group         0x00000000        0xc object/kstring.o
 .group         0x00000000        0xc object/kstring.o
 .group         0x00000000        0xc object/kstring.o
 .group         0x00000000        0xc object/kstring.o
 .debug_macro   0x00000000      0xa66 object/kstring.o
 .debug_macro   0x00000000       0x22 object/kstring.o
 .debug_macro   0x00000000       0x8e object/kstring.o
 .debug_macro   0x00000000       0x51 object/kstring.o
 .debug_macro   0x00000000      0x103 object/kstring.o
 .debug_macro   0x00000000       0x6a object/kstring.o
 .debug_macro   0x00000000      0x1df object/kstring.o
 .debug_macro   0x00000000       0x8c object/kstring.o
 .group         0x00000000        0xc object/kmain.o
 .group         0x00000000        0xc object/kmain.o
 .group         0x00000000        0xc object/kmain.o
 .group         0x00000000        0xc object/kmain.o
 .group         0x00000000        0xc object/kmain.o
 .group         0x00000000        0xc object/kmain.o
 .group         0x00000000        0xc object/kmain.o
 .group         0x00000000        0xc object/kmain.o
 .group         0x00000000        0xc object/kmain.o
 .group         0x00000000        0xc object/kmain.o
 .group         0x00000000        0xc object/kmain.o
 .group         0x00000000        0xc object/kmain.o
 .group         0x00000000        0xc object/kmain.o
 .group         0x00000000        0xc object/kmain.o
 .group         0x00000000        0xc object/kmain.o
 .group         0x00000000        0xc object/kmain.o
 .group         0x00000000        0xc object/kmain.o
 .group         0x00000000        0xc object/kmain.o
 .debug_macro   0x00000000      0xa66 object/kmain.o
 .debug_macro   0x00000000       0x22 object/kmain.o
 .debug_macro   0x00000000       0x8e object/kmain.o
 .debug_macro   0x00000000       0x51 object/kmain.o
 .debug_macro   0x00000000      0x103 object/kmain.o
 .debug_macro   0x00000000       0x6a object/kmain.o
 .debug_macro   0x00000000      0x1df object/kmain.o
 .debug_macro   0x00000000       0x8c object/kmain.o
 .debug_macro   0x00000000       0x66 object/kmain.o
 .debug_macro   0x00000000      0x75c object/kmain.o
 .debug_macro   0x00000000       0x9a object/kmain.o
 .debug_macro   0x00000000     0xd558 object/kmain.o
 .debug_macro   0x00000000      0x244 object/kmain.o
 .debug_macro   0x00000000       0x1c object/kmain.o
 .debug_macro   0x00000000       0x58 object/kmain.o
 .group         0x00000000        0xc object/stm32_startup.o
 .group         0x00000000        0xc object/stm32_startup.o
 .group         0x00000000        0xc object/stm32_startup.o
 .group         0x00000000        0xc object/stm32_startup.o
 .group         0x00000000        0xc object/stm32_startup.o
 .group         0x00000000        0xc object/stm32_startup.o
 .group         0x00000000        0xc object/stm32_startup.o
 .group         0x00000000        0xc object/stm32_startup.o
 .group         0x00000000        0xc object/stm32_startup.o
 .group         0x00000000        0xc object/stm32_startup.o
 .group         0x00000000        0xc object/stm32_startup.o
 .group         0x00000000        0xc object/stm32_startup.o
 .group         0x00000000        0xc object/stm32_startup.o
 .group         0x00000000        0xc object/stm32_startup.o
 .group         0x00000000        0xc object/stm32_startup.o
 .group         0x00000000        0xc object/stm32_startup.o
 .group         0x00000000        0xc object/stm32_startup.o
 .debug_macro   0x00000000      0xa66 object/stm32_startup.o
 .debug_macro   0x00000000       0x22 object/stm32_startup.o
 .debug_macro   0x00000000       0x8e object/stm32_startup.o
 .debug_macro   0x00000000       0x51 object/stm32_startup.o
 .debug_macro   0x00000000      0x103 object/stm32_startup.o
 .debug_macro   0x00000000       0x6a object/stm32_startup.o
 .debug_macro   0x00000000      0x1df object/stm32_startup.o
 .debug_macro   0x00000000     0xd558 object/stm32_startup.o
 .debug_macro   0x00000000      0x244 object/stm32_startup.o
 .debug_macro   0x00000000       0x1c object/stm32_startup.o
 .debug_macro   0x00000000       0x8c object/stm32_startup.o
 .debug_macro   0x00000000       0x9a object/stm32_startup.o
 .debug_macro   0x00000000      0x75c object/stm32_startup.o
 .debug_macro   0x00000000       0x10 object/stm32_startup.o
 .debug_macro   0x00000000       0x58 object/stm32_startup.o
 .debug_macro   0x00000000      0x1a1 object/stm32_startup.o
 .group         0x00000000        0xc object/sys_clock.o
 .group         0x00000000        0xc object/sys_clock.o
 .group         0x00000000        0xc object/sys_clock.o
 .group         0x00000000        0xc object/sys_clock.o
 .group         0x00000000        0xc object/sys_clock.o
 .group         0x00000000        0xc object/sys_clock.o
 .group         0x00000000        0xc object/sys_clock.o
 .group         0x00000000        0xc object/sys_clock.o
 .group         0x00000000        0xc object/sys_clock.o
 .debug_macro   0x00000000      0xa66 object/sys_clock.o
 .debug_macro   0x00000000       0x22 object/sys_clock.o
 .debug_macro   0x00000000       0x8e object/sys_clock.o
 .debug_macro   0x00000000       0x51 object/sys_clock.o
 .debug_macro   0x00000000      0x103 object/sys_clock.o
 .debug_macro   0x00000000       0x6a object/sys_clock.o
 .debug_macro   0x00000000      0x1df object/sys_clock.o
 .debug_macro   0x00000000     0xd552 object/sys_clock.o
 .debug_macro   0x00000000       0x16 object/sys_clock.o
 .group         0x00000000        0xc object/sys_usart.o
 .group         0x00000000        0xc object/sys_usart.o
 .group         0x00000000        0xc object/sys_usart.o
 .group         0x00000000        0xc object/sys_usart.o
 .group         0x00000000        0xc object/sys_usart.o
 .group         0x00000000        0xc object/sys_usart.o
 .group         0x00000000        0xc object/sys_usart.o
 .group         0x00000000        0xc object/sys_usart.o
 .group         0x00000000        0xc object/sys_usart.o
 .group         0x00000000        0xc object/sys_usart.o
 .group         0x00000000        0xc object/sys_usart.o
 .group         0x00000000        0xc object/sys_usart.o
 .group         0x00000000        0xc object/sys_usart.o
 .group         0x00000000        0xc object/sys_usart.o
 .group         0x00000000        0xc object/sys_usart.o
 .group         0x00000000        0xc object/sys_usart.o
 .group         0x00000000        0xc object/sys_usart.o
 .debug_macro   0x00000000      0xa66 object/sys_usart.o
 .debug_macro   0x00000000       0x22 object/sys_usart.o
 .debug_macro   0x00000000       0x8e object/sys_usart.o
 .debug_macro   0x00000000       0x51 object/sys_usart.o
 .debug_macro   0x00000000      0x103 object/sys_usart.o
 .debug_macro   0x00000000       0x6a object/sys_usart.o
 .debug_macro   0x00000000      0x1df object/sys_usart.o
 .debug_macro   0x00000000     0xd552 object/sys_usart.o
 .debug_macro   0x00000000       0x8c object/sys_usart.o
 .debug_macro   0x00000000      0x1a1 object/sys_usart.o
 .debug_macro   0x00000000       0x6c object/sys_usart.o
 .group         0x00000000        0xc object/sys_gpio.o
 .group         0x00000000        0xc object/sys_gpio.o
 .group         0x00000000        0xc object/sys_gpio.o
 .group         0x00000000        0xc object/sys_gpio.o
 .group         0x00000000        0xc object/sys_gpio.o
 .group         0x00000000        0xc object/sys_gpio.o
 .group         0x00000000        0xc object/sys_gpio.o
 .group         0x00000000        0xc object/sys_gpio.o
 .group         0x00000000        0xc object/sys_gpio.o
 .group         0x00000000        0xc object/sys_gpio.o
 .group         0x00000000        0xc object/sys_gpio.o
 .group         0x00000000        0xc object/sys_gpio.o
 .group         0x00000000        0xc object/sys_gpio.o
 .debug_macro   0x00000000      0xa66 object/sys_gpio.o
 .debug_macro   0x00000000       0x22 object/sys_gpio.o
 .debug_macro   0x00000000       0x8e object/sys_gpio.o
 .debug_macro   0x00000000       0x51 object/sys_gpio.o
 .debug_macro   0x00000000      0x103 object/sys_gpio.o
 .debug_macro   0x00000000       0x6a object/sys_gpio.o
 .debug_macro   0x00000000      0x1df object/sys_gpio.o
 .debug_macro   0x00000000     0xd552 object/sys_gpio.o
 .debug_macro   0x00000000       0x8c object/sys_gpio.o
 .debug_macro   0x00000000       0xdd object/sys_gpio.o
 .debug_macro   0x00000000      0x140 object/sys_gpio.o
 .debug_macro   0x00000000       0x1c object/sys_gpio.o
 .debug_macro   0x00000000       0x10 object/sys_gpio.o
 .group         0x00000000        0xc object/kstdio.o
 .group         0x00000000        0xc object/kstdio.o
 .group         0x00000000        0xc object/kstdio.o
 .group         0x00000000        0xc object/kstdio.o
 .group         0x00000000        0xc object/kstdio.o
 .group         0x00000000        0xc object/kstdio.o
 .group         0x00000000        0xc object/kstdio.o
 .group         0x00000000        0xc object/kstdio.o
 .group         0x00000000        0xc object/kstdio.o
 .group         0x00000000        0xc object/kstdio.o
 .group         0x00000000        0xc object/kstdio.o
 .group         0x00000000        0xc object/kstdio.o
 .group         0x00000000        0xc object/kstdio.o
 .group         0x00000000        0xc object/kstdio.o
 .debug_macro   0x00000000      0xa66 object/kstdio.o
 .debug_macro   0x00000000       0x58 object/kstdio.o
 .debug_macro   0x00000000       0x22 object/kstdio.o
 .debug_macro   0x00000000       0x8e object/kstdio.o
 .debug_macro   0x00000000       0x51 object/kstdio.o
 .debug_macro   0x00000000      0x103 object/kstdio.o
 .debug_macro   0x00000000       0x6a object/kstdio.o
 .debug_macro   0x00000000      0x1df object/kstdio.o
 .debug_macro   0x00000000       0x8c object/kstdio.o
 .debug_macro   0x00000000     0xd558 object/kstdio.o
 .debug_macro   0x00000000      0x19b object/kstdio.o
 .debug_macro   0x00000000      0x201 object/kstdio.o
 .debug_macro   0x00000000       0x10 object/kstdio.o
 .group         0x00000000        0xc object/sys_init.o
 .group         0x00000000        0xc object/sys_init.o
 .group         0x00000000        0xc object/sys_init.o
 .group         0x00000000        0xc object/sys_init.o
 .group         0x00000000        0xc object/sys_init.o
 .group         0x00000000        0xc object/sys_init.o
 .group         0x00000000        0xc object/sys_init.o
 .group         0x00000000        0xc object/sys_init.o
 .group         0x00000000        0xc object/sys_init.o
 .group         0x00000000        0xc object/sys_init.o
 .group         0x00000000        0xc object/sys_init.o
 .group         0x00000000        0xc object/sys_init.o
 .group         0x00000000        0xc object/sys_init.o
 .group         0x00000000        0xc object/sys_init.o
 .group         0x00000000        0xc object/sys_init.o
 .group         0x00000000        0xc object/sys_init.o
 .group         0x00000000        0xc object/sys_init.o
 .group         0x00000000        0xc object/sys_init.o
 .group         0x00000000        0xc object/sys_init.o
 .group         0x00000000        0xc object/sys_init.o
 .debug_macro   0x00000000      0xa66 object/sys_init.o
 .debug_macro   0x00000000       0x22 object/sys_init.o
 .debug_macro   0x00000000       0x8e object/sys_init.o
 .debug_macro   0x00000000       0x51 object/sys_init.o
 .debug_macro   0x00000000      0x103 object/sys_init.o
 .debug_macro   0x00000000       0x6a object/sys_init.o
 .debug_macro   0x00000000      0x1df object/sys_init.o
 .debug_macro   0x00000000       0x8c object/sys_init.o
 .debug_macro   0x00000000       0x66 object/sys_init.o
 .debug_macro   0x00000000      0x75c object/sys_init.o
 .debug_macro   0x00000000     0xd558 object/sys_init.o
 .debug_macro   0x00000000       0x16 object/sys_init.o
 .debug_macro   0x00000000      0x1a1 object/sys_init.o
 .debug_macro   0x00000000      0x140 object/sys_init.o
 .debug_macro   0x00000000       0x10 object/sys_init.o
 .debug_macro   0x00000000       0x10 object/sys_init.o
 .debug_macro   0x00000000       0x3a object/sys_init.o
 .group         0x00000000        0xc object/unistd.o
 .group         0x00000000        0xc object/unistd.o
 .group         0x00000000        0xc object/unistd.o
 .group         0x00000000        0xc object/unistd.o
 .group         0x00000000        0xc object/unistd.o
 .group         0x00000000        0xc object/unistd.o
 .group         0x00000000        0xc object/unistd.o
 .group         0x00000000        0xc object/unistd.o
 .group         0x00000000        0xc object/unistd.o
 .group         0x00000000        0xc object/unistd.o
 .group         0x00000000        0xc object/unistd.o
 .group         0x00000000        0xc object/unistd.o
 .debug_macro   0x00000000      0xa66 object/unistd.o
 .debug_macro   0x00000000       0x22 object/unistd.o
 .debug_macro   0x00000000       0x8e object/unistd.o
 .debug_macro   0x00000000       0x51 object/unistd.o
 .debug_macro   0x00000000      0x103 object/unistd.o
 .debug_macro   0x00000000       0x6a object/unistd.o
 .debug_macro   0x00000000      0x1df object/unistd.o
 .debug_macro   0x00000000       0x8c object/unistd.o
 .debug_macro   0x00000000      0x244 object/unistd.o
 .debug_macro   0x00000000       0x58 object/unistd.o
 .debug_macro   0x00000000       0x6c object/unistd.o
 .debug_macro   0x00000000      0x75c object/unistd.o
 .group         0x00000000        0xc object/times.o
 .group         0x00000000        0xc object/times.o
 .group         0x00000000        0xc object/times.o
 .group         0x00000000        0xc object/times.o
 .group         0x00000000        0xc object/times.o
 .group         0x00000000        0xc object/times.o
 .group         0x00000000        0xc object/times.o
 .group         0x00000000        0xc object/times.o
 .group         0x00000000        0xc object/times.o
 .debug_macro   0x00000000      0xa66 object/times.o
 .debug_macro   0x00000000       0x22 object/times.o
 .debug_macro   0x00000000       0x8e object/times.o
 .debug_macro   0x00000000       0x51 object/times.o
 .debug_macro   0x00000000      0x103 object/times.o
 .debug_macro   0x00000000       0x6a object/times.o
 .debug_macro   0x00000000      0x1df object/times.o
 .debug_macro   0x00000000      0x244 object/times.o
 .debug_macro   0x00000000       0x8c object/times.o
 .group         0x00000000        0xc object/kunistd.o
 .group         0x00000000        0xc object/kunistd.o
 .group         0x00000000        0xc object/kunistd.o
 .group         0x00000000        0xc object/kunistd.o
 .group         0x00000000        0xc object/kunistd.o
 .group         0x00000000        0xc object/kunistd.o
 .group         0x00000000        0xc object/kunistd.o
 .group         0x00000000        0xc object/kunistd.o
 .group         0x00000000        0xc object/kunistd.o
 .group         0x00000000        0xc object/kunistd.o
 .group         0x00000000        0xc object/kunistd.o
 .group         0x00000000        0xc object/kunistd.o
 .group         0x00000000        0xc object/kunistd.o
 .debug_macro   0x00000000      0xa66 object/kunistd.o
 .debug_macro   0x00000000       0x1c object/kunistd.o
 .debug_macro   0x00000000       0x22 object/kunistd.o
 .debug_macro   0x00000000       0x8e object/kunistd.o
 .debug_macro   0x00000000       0x51 object/kunistd.o
 .debug_macro   0x00000000      0x103 object/kunistd.o
 .debug_macro   0x00000000       0x6a object/kunistd.o
 .debug_macro   0x00000000      0x1df object/kunistd.o
 .debug_macro   0x00000000       0x8c object/kunistd.o
 .debug_macro   0x00000000       0x9a object/kunistd.o
 .debug_macro   0x00000000       0x6c object/kunistd.o
 .debug_macro   0x00000000      0x75c object/kunistd.o
 .debug_macro   0x00000000       0x10 object/kunistd.o
 .group         0x00000000        0xc object/syscall.o
 .group         0x00000000        0xc object/syscall.o
 .group         0x00000000        0xc object/syscall.o
 .group         0x00000000        0xc object/syscall.o
 .group         0x00000000        0xc object/syscall.o
 .group         0x00000000        0xc object/syscall.o
 .group         0x00000000        0xc object/syscall.o
 .group         0x00000000        0xc object/syscall.o
 .group         0x00000000        0xc object/syscall.o
 .group         0x00000000        0xc object/syscall.o
 .group         0x00000000        0xc object/syscall.o
 .group         0x00000000        0xc object/syscall.o
 .group         0x00000000        0xc object/syscall.o
 .group         0x00000000        0xc object/syscall.o
 .group         0x00000000        0xc object/syscall.o
 .group         0x00000000        0xc object/syscall.o
 .group         0x00000000        0xc object/syscall.o
 .debug_macro   0x00000000      0xa66 object/syscall.o
 .debug_macro   0x00000000       0x22 object/syscall.o
 .debug_macro   0x00000000       0x8e object/syscall.o
 .debug_macro   0x00000000       0x51 object/syscall.o
 .debug_macro   0x00000000      0x103 object/syscall.o
 .debug_macro   0x00000000       0x6a object/syscall.o
 .debug_macro   0x00000000      0x1df object/syscall.o
 .debug_macro   0x00000000      0x244 object/syscall.o
 .debug_macro   0x00000000       0x1c object/syscall.o
 .debug_macro   0x00000000       0x8c object/syscall.o
 .debug_macro   0x00000000       0x9a object/syscall.o
 .debug_macro   0x00000000       0x6c object/syscall.o
 .debug_macro   0x00000000      0x75c object/syscall.o
 .debug_macro   0x00000000       0x10 object/syscall.o
 .debug_macro   0x00000000       0x58 object/syscall.o
 .debug_macro   0x00000000     0xd558 object/syscall.o
 .debug_macro   0x00000000      0x19b object/syscall.o
 .group         0x00000000        0xc object/serial_lin.o
 .group         0x00000000        0xc object/serial_lin.o
 .group         0x00000000        0xc object/serial_lin.o
 .group         0x00000000        0xc object/serial_lin.o
 .group         0x00000000        0xc object/serial_lin.o
 .group         0x00000000        0xc object/serial_lin.o
 .group         0x00000000        0xc object/serial_lin.o
 .group         0x00000000        0xc object/serial_lin.o
 .group         0x00000000        0xc object/serial_lin.o
 .group         0x00000000        0xc object/serial_lin.o
 .group         0x00000000        0xc object/serial_lin.o
 .group         0x00000000        0xc object/serial_lin.o
 .debug_macro   0x00000000      0xa66 object/serial_lin.o
 .debug_macro   0x00000000       0x22 object/serial_lin.o
 .debug_macro   0x00000000       0x8e object/serial_lin.o
 .debug_macro   0x00000000       0x51 object/serial_lin.o
 .debug_macro   0x00000000      0x103 object/serial_lin.o
 .debug_macro   0x00000000       0x6a object/serial_lin.o
 .debug_macro   0x00000000      0x1df object/serial_lin.o
 .debug_macro   0x00000000     0xd552 object/serial_lin.o
 .debug_macro   0x00000000       0x8c object/serial_lin.o
 .debug_macro   0x00000000      0x19b object/serial_lin.o
 .debug_macro   0x00000000       0x10 object/serial_lin.o
 .debug_macro   0x00000000       0x10 object/serial_lin.o
 .group         0x00000000        0xc object/UsartRingBuffer.o
 .group         0x00000000        0xc object/UsartRingBuffer.o
 .group         0x00000000        0xc object/UsartRingBuffer.o
 .group         0x00000000        0xc object/UsartRingBuffer.o
 .group         0x00000000        0xc object/UsartRingBuffer.o
 .group         0x00000000        0xc object/UsartRingBuffer.o
 .group         0x00000000        0xc object/UsartRingBuffer.o
 .group         0x00000000        0xc object/UsartRingBuffer.o
 .group         0x00000000        0xc object/UsartRingBuffer.o
 .group         0x00000000        0xc object/UsartRingBuffer.o
 .group         0x00000000        0xc object/UsartRingBuffer.o
 .group         0x00000000        0xc object/UsartRingBuffer.o
 .group         0x00000000        0xc object/UsartRingBuffer.o
 .group         0x00000000        0xc object/UsartRingBuffer.o
 .debug_macro   0x00000000      0xa66 object/UsartRingBuffer.o
 .debug_macro   0x00000000       0x22 object/UsartRingBuffer.o
 .debug_macro   0x00000000       0x8e object/UsartRingBuffer.o
 .debug_macro   0x00000000       0x51 object/UsartRingBuffer.o
 .debug_macro   0x00000000      0x103 object/UsartRingBuffer.o
 .debug_macro   0x00000000       0x6a object/UsartRingBuffer.o
 .debug_macro   0x00000000      0x1df object/UsartRingBuffer.o
 .debug_macro   0x00000000     0xd552 object/UsartRingBuffer.o
 .debug_macro   0x00000000       0x8c object/UsartRingBuffer.o
 .debug_macro   0x00000000      0x19b object/UsartRingBuffer.o
 .debug_macro   0x00000000       0x6c object/UsartRingBuffer.o
 .debug_macro   0x00000000       0x10 object/UsartRingBuffer.o
 .debug_macro   0x00000000      0x762 object/UsartRingBuffer.o
 .group         0x00000000        0xc object/debug.o
 .group         0x00000000        0xc object/debug.o
 .group         0x00000000        0xc object/debug.o
 .group         0x00000000        0xc object/debug.o
 .group         0x00000000        0xc object/debug.o
 .group         0x00000000        0xc object/debug.o
 .group         0x00000000        0xc object/debug.o
 .group         0x00000000        0xc object/debug.o
 .group         0x00000000        0xc object/debug.o
 .debug_macro   0x00000000      0xa66 object/debug.o
 .debug_macro   0x00000000       0x22 object/debug.o
 .debug_macro   0x00000000       0x8e object/debug.o
 .debug_macro   0x00000000       0x51 object/debug.o
 .debug_macro   0x00000000      0x103 object/debug.o
 .debug_macro   0x00000000       0x6a object/debug.o
 .debug_macro   0x00000000      0x1df object/debug.o
 .debug_macro   0x00000000       0x2e object/debug.o
 .group         0x00000000        0xc object/timer.o
 .group         0x00000000        0xc object/timer.o
 .group         0x00000000        0xc object/timer.o
 .group         0x00000000        0xc object/timer.o
 .group         0x00000000        0xc object/timer.o
 .group         0x00000000        0xc object/timer.o
 .group         0x00000000        0xc object/timer.o
 .group         0x00000000        0xc object/timer.o
 .group         0x00000000        0xc object/timer.o
 .group         0x00000000        0xc object/timer.o
 .group         0x00000000        0xc object/timer.o
 .group         0x00000000        0xc object/timer.o
 .group         0x00000000        0xc object/timer.o
 .group         0x00000000        0xc object/timer.o
 .group         0x00000000        0xc object/timer.o
 .debug_macro   0x00000000      0xa66 object/timer.o
 .debug_macro   0x00000000       0x22 object/timer.o
 .debug_macro   0x00000000       0x8e object/timer.o
 .debug_macro   0x00000000       0x51 object/timer.o
 .debug_macro   0x00000000      0x103 object/timer.o
 .debug_macro   0x00000000       0x6a object/timer.o
 .debug_macro   0x00000000      0x1df object/timer.o
 .debug_macro   0x00000000     0xd558 object/timer.o
 .debug_macro   0x00000000       0x16 object/timer.o
 .debug_macro   0x00000000       0x8c object/timer.o
 .debug_macro   0x00000000       0xdd object/timer.o
 .debug_macro   0x00000000      0x140 object/timer.o
 .debug_macro   0x00000000       0x6c object/timer.o
 .debug_macro   0x00000000      0x75c object/timer.o
 .group         0x00000000        0xc object/sys_err.o
 .group         0x00000000        0xc object/sys_err.o
 .group         0x00000000        0xc object/sys_err.o
 .group         0x00000000        0xc object/sys_err.o
 .group         0x00000000        0xc object/sys_err.o
 .group         0x00000000        0xc object/sys_err.o
 .group         0x00000000        0xc object/sys_err.o
 .group         0x00000000        0xc object/sys_err.o
 .group         0x00000000        0xc object/sys_err.o
 .debug_macro   0x00000000      0xa66 object/sys_err.o
 .debug_macro   0x00000000       0x22 object/sys_err.o
 .debug_macro   0x00000000       0x8e object/sys_err.o
 .debug_macro   0x00000000       0x51 object/sys_err.o
 .debug_macro   0x00000000      0x103 object/sys_err.o
 .debug_macro   0x00000000       0x6a object/sys_err.o
 .debug_macro   0x00000000      0x1df object/sys_err.o
 .debug_macro   0x00000000     0xd558 object/sys_err.o
 .group         0x00000000        0xc object/sys_rtc.o
 .group         0x00000000        0xc object/sys_rtc.o
 .group         0x00000000        0xc object/sys_rtc.o
 .group         0x00000000        0xc object/sys_rtc.o
 .group         0x00000000        0xc object/sys_rtc.o
 .group         0x00000000        0xc object/sys_rtc.o
 .group         0x00000000        0xc object/sys_rtc.o
 .group         0x00000000        0xc object/sys_rtc.o
 .group         0x00000000        0xc object/sys_rtc.o
 .group         0x00000000        0xc object/sys_rtc.o
 .debug_macro   0x00000000      0xa66 object/sys_rtc.o
 .debug_macro   0x00000000       0x22 object/sys_rtc.o
 .debug_macro   0x00000000       0x8e object/sys_rtc.o
 .debug_macro   0x00000000       0x51 object/sys_rtc.o
 .debug_macro   0x00000000      0x103 object/sys_rtc.o
 .debug_macro   0x00000000       0x6a object/sys_rtc.o
 .debug_macro   0x00000000      0x1df object/sys_rtc.o
 .debug_macro   0x00000000     0xd558 object/sys_rtc.o
 .debug_macro   0x00000000       0x10 object/sys_rtc.o
 .group         0x00000000        0xc object/app.o
 .group         0x00000000        0xc object/app.o
 .group         0x00000000        0xc object/app.o
 .group         0x00000000        0xc object/app.o
 .group         0x00000000        0xc object/app.o
 .group         0x00000000        0xc object/app.o
 .group         0x00000000        0xc object/app.o
 .group         0x00000000        0xc object/app.o
 .group         0x00000000        0xc object/app.o
 .group         0x00000000        0xc object/app.o
 .group         0x00000000        0xc object/app.o
 .group         0x00000000        0xc object/app.o
 .debug_macro   0x00000000      0xa66 object/app.o
 .debug_macro   0x00000000       0x22 object/app.o
 .debug_macro   0x00000000       0x8e object/app.o
 .debug_macro   0x00000000       0x51 object/app.o
 .debug_macro   0x00000000      0x103 object/app.o
 .debug_macro   0x00000000       0x6a object/app.o
 .debug_macro   0x00000000      0x1df object/app.o
 .debug_macro   0x00000000       0x8c object/app.o
 .debug_macro   0x00000000      0x244 object/app.o
 .debug_macro   0x00000000       0x58 object/app.o
 .debug_macro   0x00000000       0x6c object/app.o
 .debug_macro   0x00000000      0x75c object/app.o

Memory Configuration

Name             Origin             Length             Attributes
FLASH            0x08000000         0x00080000         xr
SRAM             0x20000000         0x00020000         xrw
*default*        0x00000000         0xffffffff

Linker script and memory map

LOAD object/kmath.o
LOAD object/kfloat.o
LOAD object/cm4.o
LOAD object/mcu_info.o
LOAD object/kstring.o
LOAD object/kmain.o
LOAD object/stm32_startup.o
LOAD object/sys_clock.o
LOAD object/sys_usart.o
LOAD object/sys_gpio.o
LOAD object/kstdio.o
LOAD object/sys_init.o
LOAD object/unistd.o
LOAD object/times.o
LOAD object/kunistd.o
LOAD object/syscall.o
LOAD object/serial_lin.o
LOAD object/UsartRingBuffer.o
LOAD object/debug.o
LOAD object/timer.o
LOAD object/sys_err.o
LOAD object/sys_rtc.o
LOAD object/app.o

.text           0x08000000     0x6754
                0x08000000                _stext = .
 *(.isr_vector)
 .isr_vector    0x08000000      0x1c4 object/stm32_startup.o
                0x08000000                NVIC_VECTOR
 *(.text)
 .text          0x080001c4       0x4e object/kmath.o
                0x080001c4                __pow
 *fill*         0x08000212        0x2 
 .text          0x08000214      0xf10 object/kfloat.o
                0x08000214                __aeabi_f2d
                0x080002da                __aeabi_d2f
                0x08000362                __aeabi_d2iz
                0x080003f2                __aeabi_d2i
                0x08000482                get_decimal_part
                0x0800056c                __aeabi_ui2d
                0x080005ec                __aeabi_d2uiz
                0x08000662                __aeabi_dsub
                0x0800093c                __aeabi_dmul
                0x08000af2                __aeabi_dadd
                0x08000dba                __aeabi_d2ulz
                0x08000e38                __aeabi_ddiv
                0x080010e4                __aeabi_dcmpeq
 .text          0x08001124      0x384 object/cm4.o
                0x08001190                __SysTick_init
                0x08001214                SysTickIntDisable
                0x08001234                SysTickIntEnable
                0x08001254                __SysTick_enable
                0x08001280                __sysTick_disable
                0x080012ac                __getSysTickCount
                0x080012c4                __updateSysTick
                0x0800131c                __getTime
                0x08001350                __get__Second
                0x08001368                __get__Minute
                0x08001380                __get__Hour
                0x08001398                SysTick_Handler
                0x080013e8                __enable_fpu
                0x0800140c                ms_delay
                0x08001436                getmsTick
                0x08001444                wait_until
                0x08001476                SYS_SLEEP_WFI
                0x08001486                __set_pending
 .text          0x080014a8      0x1a8 object/mcu_info.o
                0x080014a8                show_system_info
                0x08001554                store_product_id
                0x0800163c                get_product_id
 .text          0x08001650      0x91c object/kstring.o
                0x08001650                __str_to_num
                0x08001732                __reverse_str
                0x08001790                __strlen
                0x080017be                convert
                0x0800183c                convertu32
                0x08001894                float2str
                0x08001960                str2float
                0x08001a62                kmemset
                0x08001aae                StrCat
                0x08001af8                strcopy
                0x08001b32                clear_str
                0x08001b70                strncopy
                0x08001bc2                strn4mcopy
                0x08001c10                byte_to_hex
                0x08001c84                show_byte_hex_str
                0x08001ccc                show_byte_stream_hex
                0x08001d0c                strcomp
                0x08001d5c                strncopy_cmd
                0x08001daa                uint16_to_str
                0x08001efc                strCat_n_to_m
 .text          0x08001f6c      0xae4 object/kmain.o
                0x08001fd8                RTC_WKUP_Handler
                0x08001fd8                FLASH_Handler
                0x08001fd8                OTG_HS_EP1_IN_Handler
                0x08001fd8                DMA2_Stream7_Handler
                0x08001fd8                OTG_HS_Handler
                0x08001fd8                DMA2_Stream3_Handler
                0x08001fd8                USART3_Handler
                0x08001fd8                SPI4_Handler
                0x08001fd8                OTG_FS_WKUP_Handler
                0x08001fd8                NMI_Handler
                0x08001fd8                SAI1_Handler
                0x08001fd8                TIM6_DAC_Handler
                0x08001fd8                CAN1_RX1_Handler
                0x08001fd8                EXTI15_10_Handler
                0x08001fd8                ADC_Handler
                0x08001fd8                I2C1_EV_Handler
                0x08001fd8                OTG_HS_WKUP_Handler
                0x08001fd8                TAMP_STAMP_Handler
                0x08001fd8                I2C3_ER_Handler
                0x08001fd8                WWDG_Handler
                0x08001fd8                DebugMonitor_Handler
                0x08001fd8                EXTI4_Handler
                0x08001fd8                I2C3_EV_Handler
                0x08001fd8                DMA1_Stream4_Handler
                0x08001fd8                DMA1_Stream1_Handler
                0x08001fd8                DMA2_Stream4_Handler
                0x08001fd8                DMA1_Stream7_Handler
                0x08001fd8                OTG_FS_Handler
                0x08001fd8                TIM1_BRK_TIM9_Handler
                0x08001fd8                I2C1_ER_Handler
                0x08001fd8                DMA1_Stream3_Handler
                0x08001fd8                UsageFault_Handler
                0x08001fd8                TIM1_UP_TIM10_Handler
                0x08001fd8                CAN1_RX0_Handler
                0x08001fd8                FMPI2C1_Handler
                0x08001fd8                TIM1_CC_Handler
                0x08001fd8                I2C2_ER_Handler
                0x08001fd8                TIM8_CC_Handler
                0x08001fd8                HDMI_CEC_Handler
                0x08001fd8                SAI2_Handler
                0x08001fd8                CAN1_SCE_Handler
                0x08001fd8                FPU_Handler
                0x08001fd8                DMA1_Stream0_Handler
                0x08001fd8                OTG_HS_EP1_OUT_Handler
                0x08001fd8                EXTI1_Handler
                0x08001fd8                FMC_Handler
                0x08001fd8                EXTI3_Handler
                0x08001fd8                CAN1_TX_Handler
                0x08001fd8                TIM8_TRG_COM_TIM14_Handler
                0x08001fd8                EXTI2_Handler
                0x08001fd8                UART4_Handler
                0x08001fd8                CAN2_RX1_Handler
                0x08001fd8                EXTI9_5_Handler
                0x08001fd8                USART1_Handler
                0x08001fd8                CAN2_SCE_Handler
                0x08001fd8                TIM7_Handler
                0x08001fd8                TIM3_Handler
                0x08001fd8                DMA2_Stream6_Handler
                0x08001fd8                Default_Handler
                0x08001fd8                QuadSPI_Handler
                0x08001fd8                DCMI_Handler
                0x08001fd8                TIM5_Handler
                0x08001fd8                TIM1_TRG_COM_TIM11_Handler
                0x08001fd8                DMA1_Stream5_Handler
                0x08001fd8                RTC_Alarm_Handler
                0x08001fd8                TIM4_Handler
                0x08001fd8                UART5_Handler
                0x08001fd8                TIM8_UP_TIM13_Handler
                0x08001fd8                CAN2_TX_Handler
                0x08001fd8                SPI2_Handler
                0x08001fd8                DMA2_Stream1_Handler
                0x08001fd8                DMA1_Stream2_Handler
                0x08001fd8                PVD_Handler
                0x08001fd8                EXTI0_Handler
                0x08001fd8                TIM8_BRK_TIM12_Handler
                0x08001fd8                RCC_Handler
                0x08001fd8                CAN2_RX0_Handler
                0x08001fd8                DMA2_Stream5_Handler
                0x08001fd8                DMA1_Stream6_Handler
                0x08001fd8                SDIO_Handler
                0x08001fd8                FMPI2C1_ERR_Handler
                0x08001fd8                SPI1_Handler
                0x08001fd8                DMA2_Stream0_Handler
                0x08001fd8                I2C2_EV_Handler
                0x08001fd8                SPDIF_Rx_Handler
                0x08001fd8                SPI3_Handler
                0x08001fd8                DMA2_Stream2_Handler
                0x08001fde                create_tcb
                0x0800209c                __set_user_mode
                0x080020b0                PSP_Init
                0x080020ca                sleep_state
                0x080020d8                PendSV_Handler
                0x08002200                yield
                0x08002220                task_exit
                0x0800228c                task0
                0x080022c0                task1
                0x080022f4                task2
                0x08002328                task_for_fork
                0x08002384                init_scheduler_for_fork
                0x0800240c                start_task
                0x0800242e                set_pending
                0x08002452                getPID
                0x08002478                fork
                0x080024c8                init_tasks
                0x0800262c                init_scheduler
                0x08002798                find_file
                0x080027e8                execve
                0x08002820                file_A
                0x08002880                file_B
                0x080028a0                file_C
                0x080028c0                init_file_system
                0x08002974                init_task_for_execv
                0x080029f4                kmain
 .text          0x08002a50      0x104 object/stm32_startup.o
                0x08002a56                Reset_Handler
                0x08002b1c                HardFault_Handler
                0x08002b22                MemManage_Handler
                0x08002b28                BusFault_Handler
                0x08002b2e                SVCall_Handler
 .text          0x08002b54      0x308 object/sys_clock.o
                0x08002b54                __init_sys_clock
                0x08002c20                __APB1CLK_FREQ
                0x08002c9c                __APB2CLK_FREQ
                0x08002d18                __PLL_SYS_CLK
                0x08002db0                __AHB_CLK
 .text          0x08002e5c      0x584 object/sys_usart.o
                0x08002f0c                UART_Init
                0x08002fa6                UART_DeInit
                0x08003014                UART_BRR_SAMPLING16
                0x080031a8                UART_MspInit
 .text          0x080033e0      0x5c0 object/sys_gpio.o
                0x080033e0                GPIO_WritePin
                0x08003414                GPIO_Init
                0x0800371c                GPIO_DeInit
                0x08003904                SPI_GPIOInit
 .text          0x080039a0      0x324 object/kstdio.o
                0x080039a0                kprintf
                0x08003b38                kscanf
 .text          0x08003cc4      0x144 object/sys_init.o
                0x08003d0c                __sys_init
                0x08003d70                heap_init
                0x08003de8                SYS_ROUTINE
                0x08003df4                display_group_info
 .text          0x08003e08      0x3e0 object/unistd.o
                0x08003e08                du_scanf
                0x08003e36                du_printf
 .text          0x080041e8       0xf0 object/times.o
                0x080041e8                du_getSystickTime
                0x0800420a                du_reboot
                0x08004222                du_malloc
                0x0800424e                du_free
                0x08004284                fopen
                0x080042b4                fclose
 .text          0x080042d8      0x7cc object/kunistd.o
                0x080042d8                __sys_start_task
                0x08004302                __sys_fork
                0x08004630                heap_malloc
                0x08004834                heap_free
                0x080048d4                __sys_execv
 .text          0x08004aa4      0x23c object/syscall.o
                0x08004acc                syscall
 .text          0x08004ce0      0x1b8 object/serial_lin.o
                0x08004ce0                SerialLin2_init
                0x08004d78                SerialLin6_init
                0x08004e10                USART2_Handler
                0x08004e24                USART6_Handler
                0x08004e38                noIntWrite
                0x08004e68                noIntSendString
 .text          0x08004e98      0xd88 object/UsartRingBuffer.o
                0x08004e98                Ringbuf_init
                0x08004f32                Look_for
                0x08004fd2                GetDataFromBuffer
                0x08005112                Uart_flush
                0x0800514e                Uart_peek
                0x080051c8                Uart_read
                0x08005268                Uart_write
                0x08005320                IsDataAvailable
                0x080053a4                Get_after
                0x08005402                Uart_sendstring
                0x08005430                Uart_printbase
                0x080054c8                Copy_upto
                0x080055c8                Wait_for
                0x080056b2                look_for_frame
                0x08005818                Uart_isr
                0x08005926                update_tail
                0x0800598c                debug_buffer
                0x08005a14                DRV_USART_INIT
                0x08005ad0                UART_SendChar
                0x08005afe                _USART_WRITE
                0x08005b2c                _USART_READ
                0x08005b7e                UART_GetChar
                0x08005ba8                _USART_READ_STR
 .text          0x08005c20      0x110 object/debug.o
                0x08005c20                __debugRamUsage
                0x08005c6c                __digitalWriteDebugButton
                0x08005cc8                __digitalReadDebugButton
                0x08005cf8                __alalogReadDebug
                0x08005d10                __analogWriteDebug
 .text          0x08005d30      0x228 object/timer.o
                0x08005d6c                ConfigTimer2ForSystem
                0x08005de8                Delay_micro_second
                0x08005e7c                Delay
                0x08005eaa                getMiliseconds
                0x08005eec                getMicroseconds
                0x08005f1c                TIM2_Handler
 .text          0x08005f58       0x12 object/sys_err.o
                0x08005f58                Error_Handler
 *fill*         0x08005f6a        0x2 
 .text          0x08005f6c      0x364 object/sys_rtc.o
                0x08005f6c                SYS_RTC_init
                0x08006214                get_timeofDay
 .text          0x080062d0       0x14 object/app.o
                0x080062d0                umain
 *(.rodata)
 .rodata        0x080062e4        0x8 object/cm4.o
 .rodata        0x080062ec       0x64 object/mcu_info.o
 .rodata        0x08006350        0xa object/kstring.o
 *fill*         0x0800635a        0x2 
 .rodata        0x0800635c      0x1b0 object/kmain.o
 .rodata        0x0800650c        0xc object/stm32_startup.o
                0x08006514                STACK_START
 .rodata        0x08006518       0x18 object/sys_clock.o
                0x08006518                AHBPrescTable
                0x08006528                APBPrescTable
 .rodata        0x08006530       0x59 object/sys_init.o
 *fill*         0x08006589        0x3 
 .rodata        0x0800658c       0x1d object/times.o
 *fill*         0x080065a9        0x3 
 .rodata        0x080065ac      0x124 object/kunistd.o
 .rodata        0x080066d0       0x72 object/syscall.o
 *fill*         0x08006742        0x2 
 .rodata        0x08006744        0xd object/app.o
                0x08006754                . = ALIGN (0x4)
 *fill*         0x08006751        0x3 
                0x08006754                _etext = .
                0x08006754                _la_data = LOADADDR (.data)

.glue_7         0x08006754        0x0
 .glue_7        0x08006754        0x0 linker stubs

.glue_7t        0x08006754        0x0
 .glue_7t       0x08006754        0x0 linker stubs

.vfp11_veneer   0x08006754        0x0
 .vfp11_veneer  0x08006754        0x0 linker stubs

.v4_bx          0x08006754        0x0
 .v4_bx         0x08006754        0x0 linker stubs

.iplt           0x08006754        0x0
 .iplt          0x08006754        0x0 object/kfloat.o

.rel.dyn        0x08006754        0x0
 .rel.iplt      0x08006754        0x0 object/kfloat.o

.data           0x20000000       0x78 load address 0x08006754
                0x20000000                _sdata = .
 *(.data)
 .data          0x20000000        0x0 object/kmath.o
 .data          0x20000000        0x0 object/kfloat.o
 .data          0x20000000        0x0 object/cm4.o
 .data          0x20000000        0x0 object/mcu_info.o
 .data          0x20000000       0x61 object/kstring.o
 *fill*         0x20000061        0x3 
 .data          0x20000064        0xc object/kmain.o
                0x20000064                QUEUE_SIZE_P
                0x20000068                TASK_ID
                0x2000006c                size
 .data          0x20000070        0x0 object/stm32_startup.o
 .data          0x20000070        0x0 object/sys_clock.o
 .data          0x20000070        0x0 object/sys_usart.o
 .data          0x20000070        0x0 object/sys_gpio.o
 .data          0x20000070        0x0 object/kstdio.o
 .data          0x20000070        0x0 object/sys_init.o
 .data          0x20000070        0x0 object/unistd.o
 .data          0x20000070        0x0 object/times.o
 .data          0x20000070        0x0 object/kunistd.o
 .data          0x20000070        0x0 object/syscall.o
 .data          0x20000070        0x8 object/serial_lin.o
                0x20000070                errObj
 .data          0x20000078        0x0 object/UsartRingBuffer.o
 .data          0x20000078        0x0 object/debug.o
 .data          0x20000078        0x0 object/timer.o
 .data          0x20000078        0x0 object/sys_err.o
 .data          0x20000078        0x0 object/sys_rtc.o
 .data          0x20000078        0x0 object/app.o
                0x20000078                . = ALIGN (0x4)
                0x20000078                _edata = .

.igot.plt       0x20000078        0x0 load address 0x080067cc
 .igot.plt      0x20000078        0x0 object/kfloat.o

.bss            0x20000078     0x14b1 load address 0x080067cc
                0x20000078                _sbss = .
 *(.bss)
 .bss           0x20000078        0x0 object/kmath.o
 .bss           0x20000078        0x0 object/kfloat.o
 .bss           0x20000078       0x11 object/cm4.o
                0x20000088                __PendSV_Flag
 *fill*         0x20000089        0x3 
 .bss           0x2000008c       0x14 object/mcu_info.o
 .bss           0x200000a0       0x32 object/kstring.o
 *fill*         0x200000d2        0x2 
 .bss           0x200000d4      0xba0 object/kmain.o
                0x200000d4                CURR_TASK_P
                0x200000d8                READY_QUEUE
                0x20000164                psp_stack_addresses
                0x2000016c                CURR_TASK
                0x20000170                file_list
                0x20000c70                file_count
 .bss           0x20000c74        0x0 object/stm32_startup.o
 .bss           0x20000c74        0x0 object/sys_clock.o
 .bss           0x20000c74        0x0 object/sys_usart.o
 .bss           0x20000c74        0x0 object/sys_gpio.o
 .bss           0x20000c74        0x0 object/kstdio.o
 .bss           0x20000c74       0x14 object/sys_init.o
                0x20000c74                heap
 .bss           0x20000c88        0x0 object/unistd.o
 .bss           0x20000c88        0x0 object/times.o
 .bss           0x20000c88        0x0 object/kunistd.o
 .bss           0x20000c88        0x0 object/syscall.o
 .bss           0x20000c88      0x890 object/serial_lin.o
                0x20000c88                huart2
                0x200010d0                huart6
 .bss           0x20001518        0x0 object/UsartRingBuffer.o
 .bss           0x20001518        0xc object/debug.o
                0x2000151c                CURRENT_MSP
                0x20001520                DEBUG_BUTTON
                0x20001522                DEBUG_ANALOG_IO
 .bss           0x20001524        0x5 object/timer.o
 .bss           0x20001529        0x0 object/sys_err.o
 .bss           0x20001529        0x0 object/sys_rtc.o
 .bss           0x20001529        0x0 object/app.o
                0x20001529                _ebss = .

.heap           0x20001529     0x8003 load address 0x080067cc
                0x2000152c                . = ALIGN (0x4)
 *fill*         0x20001529        0x3 
                0x2000152c                _sheap = .
                0x2000952c                . = (. + 0x8000)
 *fill*         0x2000152c     0x8000 
 *(.heap)
                0x2000952c                . = ALIGN (0x4)
                0x2000952c                _eheap = .
OUTPUT(build/final.elf elf32-littlearm)
LOAD linker stubs

.debug_info     0x00000000     0x8b16
 .debug_info    0x00000000       0xdf object/kmath.o
 .debug_info    0x000000df      0x824 object/kfloat.o
 .debug_info    0x00000903      0x8f6 object/cm4.o
 .debug_info    0x000011f9      0x230 object/mcu_info.o
 .debug_info    0x00001429      0x811 object/kstring.o
 .debug_info    0x00001c3a      0xe01 object/kmain.o
 .debug_info    0x00002a3b      0x2a1 object/stm32_startup.o
 .debug_info    0x00002cdc      0x4d3 object/sys_clock.o
 .debug_info    0x000031af      0xd57 object/sys_usart.o
 .debug_info    0x00003f06      0x904 object/sys_gpio.o
 .debug_info    0x0000480a      0x240 object/kstdio.o
 .debug_info    0x00004a4a      0x664 object/sys_init.o
 .debug_info    0x000050ae      0x28d object/unistd.o
 .debug_info    0x0000533b      0x1d3 object/times.o
 .debug_info    0x0000550e      0x7c7 object/kunistd.o
 .debug_info    0x00005cd5      0x818 object/syscall.o
 .debug_info    0x000064ed      0x52a object/serial_lin.o
 .debug_info    0x00006a17      0xeec object/UsartRingBuffer.o
 .debug_info    0x00007903      0x1ee object/debug.o
 .debug_info    0x00007af1      0x8c1 object/timer.o
 .debug_info    0x000083b2       0xea object/sys_err.o
 .debug_info    0x0000849c      0x5f4 object/sys_rtc.o
 .debug_info    0x00008a90       0x86 object/app.o

.debug_abbrev   0x00000000     0x23c9
 .debug_abbrev  0x00000000       0x83 object/kmath.o
 .debug_abbrev  0x00000083      0x141 object/kfloat.o
 .debug_abbrev  0x000001c4      0x263 object/cm4.o
 .debug_abbrev  0x00000427      0x11b object/mcu_info.o
 .debug_abbrev  0x00000542      0x1dc object/kstring.o
 .debug_abbrev  0x0000071e      0x385 object/kmain.o
 .debug_abbrev  0x00000aa3       0xf7 object/stm32_startup.o
 .debug_abbrev  0x00000b9a      0x109 object/sys_clock.o
 .debug_abbrev  0x00000ca3      0x25c object/sys_usart.o
 .debug_abbrev  0x00000eff      0x175 object/sys_gpio.o
 .debug_abbrev  0x00001074      0x117 object/kstdio.o
 .debug_abbrev  0x0000118b      0x1dd object/sys_init.o
 .debug_abbrev  0x00001368      0x103 object/unistd.o
 .debug_abbrev  0x0000146b      0x134 object/times.o
 .debug_abbrev  0x0000159f      0x1ec object/kunistd.o
 .debug_abbrev  0x0000178b      0x1fc object/syscall.o
 .debug_abbrev  0x00001987      0x1f7 object/serial_lin.o
 .debug_abbrev  0x00001b7e      0x32d object/UsartRingBuffer.o
 .debug_abbrev  0x00001eab      0x12f object/debug.o
 .debug_abbrev  0x00001fda      0x1fe object/timer.o
 .debug_abbrev  0x000021d8       0x9b object/sys_err.o
 .debug_abbrev  0x00002273      0x10f object/sys_rtc.o
 .debug_abbrev  0x00002382       0x47 object/app.o

.debug_aranges  0x00000000      0x2e0
 .debug_aranges
                0x00000000       0x20 object/kmath.o
 .debug_aranges
                0x00000020       0x20 object/kfloat.o
 .debug_aranges
                0x00000040       0x20 object/cm4.o
 .debug_aranges
                0x00000060       0x20 object/mcu_info.o
 .debug_aranges
                0x00000080       0x20 object/kstring.o
 .debug_aranges
                0x000000a0       0x20 object/kmain.o
 .debug_aranges
                0x000000c0       0x20 object/stm32_startup.o
 .debug_aranges
                0x000000e0       0x20 object/sys_clock.o
 .debug_aranges
                0x00000100       0x20 object/sys_usart.o
 .debug_aranges
                0x00000120       0x20 object/sys_gpio.o
 .debug_aranges
                0x00000140       0x20 object/kstdio.o
 .debug_aranges
                0x00000160       0x20 object/sys_init.o
 .debug_aranges
                0x00000180       0x20 object/unistd.o
 .debug_aranges
                0x000001a0       0x20 object/times.o
 .debug_aranges
                0x000001c0       0x20 object/kunistd.o
 .debug_aranges
                0x000001e0       0x20 object/syscall.o
 .debug_aranges
                0x00000200       0x20 object/serial_lin.o
 .debug_aranges
                0x00000220       0x20 object/UsartRingBuffer.o
 .debug_aranges
                0x00000240       0x20 object/debug.o
 .debug_aranges
                0x00000260       0x20 object/timer.o
 .debug_aranges
                0x00000280       0x20 object/sys_err.o
 .debug_aranges
                0x000002a0       0x20 object/sys_rtc.o
 .debug_aranges
                0x000002c0       0x20 object/app.o

.debug_macro    0x00000000    0x1e805
 .debug_macro   0x00000000       0x6d object/kmath.o
 .debug_macro   0x0000006d      0xa66 object/kmath.o
 .debug_macro   0x00000ad3       0x22 object/kmath.o
 .debug_macro   0x00000af5       0x8e object/kmath.o
 .debug_macro   0x00000b83       0x51 object/kmath.o
 .debug_macro   0x00000bd4      0x103 object/kmath.o
 .debug_macro   0x00000cd7       0x6a object/kmath.o
 .debug_macro   0x00000d41      0x1df object/kmath.o
 .debug_macro   0x00000f20       0x85 object/kfloat.o
 .debug_macro   0x00000fa5       0x1c object/kfloat.o
 .debug_macro   0x00000fc1       0x8c object/kfloat.o
 .debug_macro   0x0000104d       0xfc object/cm4.o
 .debug_macro   0x00001149       0x66 object/cm4.o
 .debug_macro   0x000011af      0x75c object/cm4.o
 .debug_macro   0x0000190b     0xd558 object/cm4.o
 .debug_macro   0x0000ee63       0x16 object/cm4.o
 .debug_macro   0x0000ee79      0x244 object/cm4.o
 .debug_macro   0x0000f0bd       0x1c object/cm4.o
 .debug_macro   0x0000f0d9       0x9a object/cm4.o
 .debug_macro   0x0000f173       0x10 object/cm4.o
 .debug_macro   0x0000f183       0x58 object/cm4.o
 .debug_macro   0x0000f1db      0x1a1 object/cm4.o
 .debug_macro   0x0000f37c       0x99 object/mcu_info.o
 .debug_macro   0x0000f415     0xd552 object/mcu_info.o
 .debug_macro   0x0001c967       0x93 object/kstring.o
 .debug_macro   0x0001c9fa       0x22 object/kstring.o
 .debug_macro   0x0001ca1c      0x131 object/kmain.o
 .debug_macro   0x0001cb4d      0x19b object/kmain.o
 .debug_macro   0x0001cce8       0x3a object/kmain.o
 .debug_macro   0x0001cd22       0x10 object/kmain.o
 .debug_macro   0x0001cd32       0xf1 object/stm32_startup.o
 .debug_macro   0x0001ce23       0x6c object/stm32_startup.o
 .debug_macro   0x0001ce8f       0x81 object/sys_clock.o
 .debug_macro   0x0001cf10       0xd9 object/sys_usart.o
 .debug_macro   0x0001cfe9       0xdd object/sys_usart.o
 .debug_macro   0x0001d0c6      0x140 object/sys_usart.o
 .debug_macro   0x0001d206       0x1c object/sys_usart.o
 .debug_macro   0x0001d222       0x10 object/sys_usart.o
 .debug_macro   0x0001d232      0x762 object/sys_usart.o
 .debug_macro   0x0001d994      0x201 object/sys_usart.o
 .debug_macro   0x0001db95       0xb5 object/sys_gpio.o
 .debug_macro   0x0001dc4a       0xbc object/kstdio.o
 .debug_macro   0x0001dd06       0x10 object/kstdio.o
 .debug_macro   0x0001dd16      0x124 object/sys_init.o
 .debug_macro   0x0001de3a       0xe3 object/sys_init.o
 .debug_macro   0x0001df1d       0x16 object/sys_init.o
 .debug_macro   0x0001df33       0x2e object/sys_init.o
 .debug_macro   0x0001df61       0xaa object/unistd.o
 .debug_macro   0x0001e00b       0x7f object/times.o
 .debug_macro   0x0001e08a       0x9f object/kunistd.o
 .debug_macro   0x0001e129       0xed object/syscall.o
 .debug_macro   0x0001e216       0xba object/serial_lin.o
 .debug_macro   0x0001e2d0       0xd2 object/UsartRingBuffer.o
 .debug_macro   0x0001e3a2       0x58 object/UsartRingBuffer.o
 .debug_macro   0x0001e3fa       0x7b object/debug.o
 .debug_macro   0x0001e475       0x10 object/debug.o
 .debug_macro   0x0001e485       0xd3 object/timer.o
 .debug_macro   0x0001e558       0x28 object/timer.o
 .debug_macro   0x0001e580       0x8f object/sys_err.o
 .debug_macro   0x0001e60f       0x86 object/sys_err.o
 .debug_macro   0x0001e695       0x84 object/sys_rtc.o
 .debug_macro   0x0001e719       0x34 object/sys_rtc.o
 .debug_macro   0x0001e74d       0xb8 object/app.o

.debug_line     0x00000000     0x6654
 .debug_line    0x00000000      0x20c object/kmath.o
 .debug_line    0x0000020c      0x6cd object/kfloat.o
 .debug_line    0x000008d9      0x45e object/cm4.o
 .debug_line    0x00000d37      0x348 object/mcu_info.o
 .debug_line    0x0000107f      0x7ca object/kstring.o
 .debug_line    0x00001849      0x7b4 object/kmain.o
 .debug_line    0x00001ffd      0x3ee object/stm32_startup.o
 .debug_line    0x000023eb      0x39b object/sys_clock.o
 .debug_line    0x00002786      0x4db object/sys_usart.o
 .debug_line    0x00002c61      0x61b object/sys_gpio.o
 .debug_line    0x0000327c      0x3be object/kstdio.o
 .debug_line    0x0000363a      0x3c4 object/sys_init.o
 .debug_line    0x000039fe      0x407 object/unistd.o
 .debug_line    0x00003e05      0x251 object/times.o
 .debug_line    0x00004056      0x586 object/kunistd.o
 .debug_line    0x000045dc      0x3da object/syscall.o
 .debug_line    0x000049b6      0x34e object/serial_lin.o
 .debug_line    0x00004d04      0xac7 object/UsartRingBuffer.o
 .debug_line    0x000057cb      0x265 object/debug.o
 .debug_line    0x00005a30      0x3c1 object/timer.o
 .debug_line    0x00005df1      0x25c object/sys_err.o
 .debug_line    0x0000604d      0x361 object/sys_rtc.o
 .debug_line    0x000063ae      0x2a6 object/app.o

.debug_str      0x00000000    0x5317d
 .debug_str     0x00000000     0x3a65 object/kmath.o
                               0x3bc9 (size before relaxing)
 .debug_str     0x00003a65      0x427 object/kfloat.o
                               0x3ffb (size before relaxing)
 .debug_str     0x00003e8c    0x4bbfa object/cm4.o
                              0x4fa1a (size before relaxing)
 .debug_str     0x0004fa86       0xc6 object/mcu_info.o
                              0x4a831 (size before relaxing)
 .debug_str     0x0004fb4c      0x14b object/kstring.o
                               0x3ffc (size before relaxing)
 .debug_str     0x0004fc97      0x3de object/kmain.o
                              0x4fc9a (size before relaxing)
 .debug_str     0x00050075      0x10f object/stm32_startup.o
                              0x4f338 (size before relaxing)
 .debug_str     0x00050184      0x271 object/sys_clock.o
                              0x4a81c (size before relaxing)
 .debug_str     0x000503f5     0x1eee object/sys_usart.o
                              0x5104a (size before relaxing)
 .debug_str     0x000522e3      0x278 object/sys_gpio.o
                              0x4c1e5 (size before relaxing)
 .debug_str     0x0005255b       0x66 object/kstdio.o
                              0x4bf9b (size before relaxing)
 .debug_str     0x000525c1      0x1eb object/sys_init.o
                              0x504da (size before relaxing)
 .debug_str     0x000527ac       0x50 object/unistd.o
                               0x7664 (size before relaxing)
 .debug_str     0x000527fc       0x71 object/times.o
                               0x435b (size before relaxing)
 .debug_str     0x0005286d       0x95 object/kunistd.o
                               0x744c (size before relaxing)
 .debug_str     0x00052902       0x78 object/syscall.o
                              0x4f5cf (size before relaxing)
 .debug_str     0x0005297a      0x10f object/serial_lin.o
                              0x4bae5 (size before relaxing)
 .debug_str     0x00052a89      0x336 object/UsartRingBuffer.o
                              0x4f083 (size before relaxing)
 .debug_str     0x00052dbf       0xc2 object/debug.o
                               0x3dd4 (size before relaxing)
 .debug_str     0x00052e81      0x115 object/timer.o
                              0x4f7c2 (size before relaxing)
 .debug_str     0x00052f96       0x3f object/sys_err.o
                              0x4a7ba (size before relaxing)
 .debug_str     0x00052fd5      0x18a object/sys_rtc.o
                              0x4a990 (size before relaxing)
 .debug_str     0x0005315f       0x1e object/app.o
                               0x75d7 (size before relaxing)

.comment        0x00000000       0x4d
 .comment       0x00000000       0x4d object/kmath.o
                                 0x4e (size before relaxing)
 .comment       0x0000004d       0x4e object/kfloat.o
 .comment       0x0000004d       0x4e object/cm4.o
 .comment       0x0000004d       0x4e object/mcu_info.o
 .comment       0x0000004d       0x4e object/kstring.o
 .comment       0x0000004d       0x4e object/kmain.o
 .comment       0x0000004d       0x4e object/stm32_startup.o
 .comment       0x0000004d       0x4e object/sys_clock.o
 .comment       0x0000004d       0x4e object/sys_usart.o
 .comment       0x0000004d       0x4e object/sys_gpio.o
 .comment       0x0000004d       0x4e object/kstdio.o
 .comment       0x0000004d       0x4e object/sys_init.o
 .comment       0x0000004d       0x4e object/unistd.o
 .comment       0x0000004d       0x4e object/times.o
 .comment       0x0000004d       0x4e object/kunistd.o
 .comment       0x0000004d       0x4e object/syscall.o
 .comment       0x0000004d       0x4e object/serial_lin.o
 .comment       0x0000004d       0x4e object/UsartRingBuffer.o
 .comment       0x0000004d       0x4e object/debug.o
 .comment       0x0000004d       0x4e object/timer.o
 .comment       0x0000004d       0x4e object/sys_err.o
 .comment       0x0000004d       0x4e object/sys_rtc.o
 .comment       0x0000004d       0x4e object/app.o

.ARM.attributes
                0x00000000       0x32
 .ARM.attributes
                0x00000000       0x32 object/kmath.o
 .ARM.attributes
                0x00000032       0x32 object/kfloat.o
 .ARM.attributes
                0x00000064       0x32 object/cm4.o
 .ARM.attributes
                0x00000096       0x32 object/mcu_info.o
 .ARM.attributes
                0x000000c8       0x32 object/kstring.o
 .ARM.attributes
                0x000000fa       0x32 object/kmain.o
 .ARM.attributes
                0x0000012c       0x32 object/stm32_startup.o
 .ARM.attributes
                0x0000015e       0x32 object/sys_clock.o
 .ARM.attributes
                0x00000190       0x32 object/sys_usart.o
 .ARM.attributes
                0x000001c2       0x32 object/sys_gpio.o
 .ARM.attributes
                0x000001f4       0x32 object/kstdio.o
 .ARM.attributes
                0x00000226       0x32 object/sys_init.o
 .ARM.attributes
                0x00000258       0x32 object/unistd.o
 .ARM.attributes
                0x0000028a       0x32 object/times.o
 .ARM.attributes
                0x000002bc       0x32 object/kunistd.o
 .ARM.attributes
                0x000002ee       0x32 object/syscall.o
 .ARM.attributes
                0x00000320       0x32 object/serial_lin.o
 .ARM.attributes
                0x00000352       0x32 object/UsartRingBuffer.o
 .ARM.attributes
                0x00000384       0x32 object/debug.o
 .ARM.attributes
                0x000003b6       0x32 object/timer.o
 .ARM.attributes
                0x000003e8       0x32 object/sys_err.o
 .ARM.attributes
                0x0000041a       0x32 object/sys_rtc.o
 .ARM.attributes
                0x0000044c       0x32 object/app.o

.debug_frame    0x00000000     0x1b9c
 .debug_frame   0x00000000       0x38 object/kmath.o
 .debug_frame   0x00000038      0x2b4 object/kfloat.o
 .debug_frame   0x000002ec      0x2b8 object/cm4.o
 .debug_frame   0x000005a4       0x7c object/mcu_info.o
 .debug_frame   0x00000620      0x340 object/kstring.o
 .debug_frame   0x00000960      0x3e0 object/kmain.o
 .debug_frame   0x00000d40       0xb8 object/stm32_startup.o
 .debug_frame   0x00000df8       0xc4 object/sys_clock.o
 .debug_frame   0x00000ebc      0x144 object/sys_usart.o
 .debug_frame   0x00001000       0xb0 object/sys_gpio.o
 .debug_frame   0x000010b0       0x8c object/kstdio.o
 .debug_frame   0x0000113c       0xa8 object/sys_init.o
 .debug_frame   0x000011e4       0x88 object/unistd.o
 .debug_frame   0x0000126c       0xf4 object/times.o
 .debug_frame   0x00001360       0xdc object/kunistd.o
 .debug_frame   0x0000143c       0x4c object/syscall.o
 .debug_frame   0x00001488       0xdc object/serial_lin.o
 .debug_frame   0x00001564      0x3a4 object/UsartRingBuffer.o
 .debug_frame   0x00001908       0xcc object/debug.o
 .debug_frame   0x000019d4      0x10c object/timer.o
 .debug_frame   0x00001ae0       0x2c object/sys_err.o
 .debug_frame   0x00001b0c       0x64 object/sys_rtc.o
 .debug_frame   0x00001b70       0x2c object/app.o

.debug_ranges   0x00000000       0x18
 .debug_ranges  0x00000000       0x18 object/UsartRingBuffer.o
