
There are no discarded input sections

Memory Configuration

Name             Origin             Length             Attributes
FLASH            0x08010000         0x00070000         xr
SRAM             0x20000000         0x00020000         xrw
*default*        0x00000000         0xffffffff

Linker script and memory map

LOAD object/kmath.o
LOAD object/kfloat.o
LOAD object/cm4.o
LOAD object/mcu_info.o
LOAD object/kstring.o
LOAD object/kmain.o
LOAD object/stm32_startup.o
LOAD object/sys_clock.o
LOAD object/sys_usart.o
LOAD object/sys_gpio.o
LOAD object/kstdio.o
LOAD object/sys_init.o
LOAD object/unistd.o
LOAD object/times.o
LOAD object/serial_lin.o
LOAD object/UsartRingBuffer.o
LOAD object/debug.o
LOAD object/timer.o
LOAD object/sys_err.o
LOAD object/sys_rtc.o

.text           0x08010000     0x48d8
                0x08010000                        _stext = .
 *(.isr_vector)
 .isr_vector    0x08010000      0x1c4 object/stm32_startup.o
                0x08010000                NVIC_VECTOR
 *(.text)
 .text          0x080101c4       0x4e object/kmath.o
                0x080101c4                __pow
 *fill*         0x08010212        0x2 
 .text          0x08010214      0xecc object/kfloat.o
                0x08010214                __aeabi_f2d
                0x080102da                __aeabi_d2f
                0x08010362                __aeabi_d2iz
                0x080103f2                __aeabi_d2i
                0x08010482                get_decimal_part
                0x0801056c                __aeabi_ui2d
                0x080105ec                __aeabi_d2uiz
                0x08010662                __aeabi_dsub
                0x08010920                __aeabi_dmul
                0x08010ad2                __aeabi_dadd
                0x08010d80                __aeabi_d2ulz
                0x08010dfe                __aeabi_ddiv
                0x080110a0                __aeabi_dcmpeq
 .text          0x080110e0      0x348 object/cm4.o
                0x0801114c                __SysTick_init
                0x080111d0                SysTickIntDisable
                0x080111f0                SysTickIntEnable
                0x08011210                __SysTick_enable
                0x0801123c                __sysTick_disable
                0x08011268                __getSysTickCount
                0x08011280                __updateSysTick
                0x080112d8                __getTime
                0x0801130c                __get__Second
                0x08011324                __get__Minute
                0x0801133c                __get__Hour
                0x08011354                SysTick_Handler
                0x08011388                __enable_fpu
                0x080113ac                ms_delay
                0x080113d6                getmsTick
                0x080113e4                wait_until
                0x08011416                SYS_SLEEP_WFI
 .text          0x08011428      0x1a8 object/mcu_info.o
                0x08011428                show_system_info
                0x080114d4                store_product_id
                0x080115bc                get_product_id
 .text          0x080115d0      0x914 object/kstring.o
                0x080115d0                __str_to_num
                0x080116b2                __reverse_str
                0x08011710                __strlen
                0x0801173e                convert
                0x080117bc                convertu32
                0x08011814                float2str
                0x080118e0                str2float
                0x080119e2                kmemset
                0x08011a2e                StrCat
                0x08011a78                strcopy
                0x08011ab2                clear_str
                0x08011af0                strncopy
                0x08011b42                strn4mcopy
                0x08011b90                byte_to_hex
                0x08011c04                show_byte_hex_str
                0x08011c44                show_byte_stream_hex
                0x08011c84                strcomp
                0x08011cd4                strncopy_cmd
                0x08011d22                uint16_to_str
                0x08011e74                strCat_n_to_m
 .text          0x08011ee4       0x20 object/kmain.o
                0x08011ee4                kmain
 .text          0x08011f04       0xe8 object/stm32_startup.o
                0x08011f04                Reset_Handler
                0x08011fbc                FLASH_Handler
                0x08011fbc                DMA2_Stream7_Handler
                0x08011fbc                OTG_HS_Handler
                0x08011fbc                OTG_HS_EP1_IN_Handler
                0x08011fbc                OTG_HS_WKUP_Handler
                0x08011fbc                OTG_FS_WKUP_Handler
                0x08011fbc                SPI4_Handler
                0x08011fbc                RTC_WKUP_Handler
                0x08011fbc                DMA2_Stream3_Handler
                0x08011fbc                USART3_Handler
                0x08011fbc                PendSV_Handler
                0x08011fbc                NMI_Handler
                0x08011fbc                SAI1_Handler
                0x08011fbc                TIM6_DAC_Handler
                0x08011fbc                CAN1_RX1_Handler
                0x08011fbc                EXTI15_10_Handler
                0x08011fbc                ADC_Handler
                0x08011fbc                I2C1_EV_Handler
                0x08011fbc                TAMP_STAMP_Handler
                0x08011fbc                I2C3_ER_Handler
                0x08011fbc                WWDG_Handler
                0x08011fbc                EXTI4_Handler
                0x08011fbc                I2C3_EV_Handler
                0x08011fbc                DMA1_Stream1_Handler
                0x08011fbc                DMA2_Stream4_Handler
                0x08011fbc                DMA1_Stream7_Handler
                0x08011fbc                OTG_FS_Handler
                0x08011fbc                TIM1_BRK_TIM9_Handler
                0x08011fbc                I2C1_ER_Handler
                0x08011fbc                DMA1_Stream3_Handler
                0x08011fbc                UsageFault_Handler
                0x08011fbc                TIM1_UP_TIM10_Handler
                0x08011fbc                CAN1_RX0_Handler
                0x08011fbc                TIM1_CC_Handler
                0x08011fbc                I2C2_ER_Handler
                0x08011fbc                TIM8_CC_Handler
                0x08011fbc                HDMI_CEC_Handler
                0x08011fbc                SAI2_Handler
                0x08011fbc                CAN1_SCE_Handler
                0x08011fbc                DMA1_Stream0_Handler
                0x08011fbc                OTG_HS_EP1_OUT_Handler
                0x08011fbc                EXTI1_Handler
                0x08011fbc                FMC_Handler
                0x08011fbc                EXTI3_Handler
                0x08011fbc                EXTI2_Handler
                0x08011fbc                UART4_Handler
                0x08011fbc                CAN2_RX1_Handler
                0x08011fbc                EXTI9_5_Handler
                0x08011fbc                USART1_Handler
                0x08011fbc                CAN2_SCE_Handler
                0x08011fbc                TIM3_Handler
                0x08011fbc                DMA2_Stream6_Handler
                0x08011fbc                Default_Handler
                0x08011fbc                DCMI_Handler
                0x08011fbc                TIM1_TRG_COM_TIM11_Handler
                0x08011fbc                RTC_Alarm_Handler
                0x08011fbc                TIM4_Handler
                0x08011fbc                TIM8_UP_TIM13_Handler
                0x08011fbc                CAN2_TX_Handler
                0x08011fbc                SPI2_Handler
                0x08011fbc                DMA2_Stream1_Handler
                0x08011fbc                DMA1_Stream2_Handler
                0x08011fbc                EXTI0_Handler
                0x08011fbc                TIM8_BRK_TIM12_Handler
                0x08011fbc                CAN2_RX0_Handler
                0x08011fbc                DMA2_Stream5_Handler
                0x08011fbc                DMA1_Stream6_Handler
                0x08011fbc                SDIO_Handler
                0x08011fbc                FMPI2C1_ERR_Handler
                0x08011fbc                SPI1_Handler
                0x08011fbc                I2C2_EV_Handler
                0x08011fbc                SPDIF_Rx_Handler
                0x08011fbc                DMA2_Stream2_Handler
                0x08011fbc                SPI3_Handler
                0x08011fbc                DMA2_Stream0_Handler
                0x08011fbc                RCC_Handler
                0x08011fbc                PVD_Handler
                0x08011fbc                UART5_Handler
                0x08011fbc                DMA1_Stream5_Handler
                0x08011fbc                TIM5_Handler
                0x08011fbc                QuadSPI_Handler
                0x08011fbc                TIM7_Handler
                0x08011fbc                TIM8_TRG_COM_TIM14_Handler
                0x08011fbc                CAN1_TX_Handler
                0x08011fbc                FPU_Handler
                0x08011fbc                FMPI2C1_Handler
                0x08011fbc                DMA1_Stream4_Handler
                0x08011fbc                DebugMonitor_Handler
                0x08011fc4                HardFault_Handler
                0x08011fcc                MemManage_Handler
                0x08011fd4                BusFault_Handler
                0x08011fdc                SVCall_Handler
 .text          0x08011fec      0x308 object/sys_clock.o
                0x08011fec                __init_sys_clock
                0x080120b8                __APB1CLK_FREQ
                0x08012134                __APB2CLK_FREQ
                0x080121b0                __PLL_SYS_CLK
                0x08012248                __AHB_CLK
 .text          0x080122f4      0x584 object/sys_usart.o
                0x080123a4                UART_Init
                0x0801243e                UART_DeInit
                0x080124ac                UART_BRR_SAMPLING16
                0x08012640                UART_MspInit
 .text          0x08012878      0x5bc object/sys_gpio.o
                0x08012878                GPIO_WritePin
                0x080128aa                GPIO_Init
                0x08012bb0                GPIO_DeInit
                0x08012d98                SPI_GPIOInit
 .text          0x08012e34      0x34c object/kstdio.o
                0x08012e34                kprintf
                0x08012fc8                putstr
                0x08013014                kscanf
 .text          0x08013180      0x13c object/sys_init.o
                0x080131c8                __sys_init
                0x08013280                SYS_ROUTINE
                0x0801328c                display_group_info
 .text          0x080132bc        0x0 object/unistd.o
 .text          0x080132bc        0x0 object/times.o
 .text          0x080132bc      0x1b8 object/serial_lin.o
                0x080132bc                SerialLin2_init
                0x08013354                SerialLin6_init
                0x080133ec                USART2_Handler
                0x08013400                USART6_Handler
                0x08013414                noIntWrite
                0x08013444                noIntSendString
 .text          0x08013474      0xb7c object/UsartRingBuffer.o
                0x08013474                Ringbuf_init
                0x0801350e                Look_for
                0x080135ae                GetDataFromBuffer
                0x080136ee                Uart_flush
                0x0801372a                Uart_peek
                0x080137a4                Uart_read
                0x08013844                Uart_write
                0x080138fc                IsDataAvailable
                0x08013980                Get_after
                0x080139de                Uart_sendstring
                0x08013a0c                Uart_printbase
                0x08013aa4                Copy_upto
                0x08013ba4                Wait_for
                0x08013c90                look_for_frame
                0x08013df6                Uart_isr
                0x08013f04                update_tail
                0x08013f6a                debug_buffer
 .text          0x08013ff0      0x110 object/debug.o
                0x08013ff0                __debugRamUsage
                0x0801403c                __digitalWriteDebugButton
                0x08014098                __digitalReadDebugButton
                0x080140c8                __alalogReadDebug
                0x080140e0                __analogWriteDebug
 .text          0x08014100      0x228 object/timer.o
                0x0801413c                ConfigTimer2ForSystem
                0x080141b8                Delay_micro_second
                0x0801424c                Delay
                0x0801427a                getMiliseconds
                0x080142bc                getMicroseconds
                0x080142ec                TIM2_Handler
 .text          0x08014328       0x14 object/sys_err.o
                0x08014328                Error_Handler
 .text          0x0801433c      0x364 object/sys_rtc.o
                0x0801433c                SYS_RTC_init
                0x080145e4                get_timeofDay
 *(.rodata)
 .rodata        0x080146a0       0x64 object/mcu_info.o
 .rodata        0x08014704        0x6 object/kstring.o
 *fill*         0x0801470a        0x2 
 .rodata        0x0801470c       0x2b object/kmain.o
 *fill*         0x08014737        0x1 
 .rodata        0x08014738        0x4 object/stm32_startup.o
                0x08014738                STACK_START
 .rodata        0x0801473c       0x18 object/sys_clock.o
                0x0801473c                AHBPrescTable
                0x0801474c                APBPrescTable
 .rodata        0x08014754      0x183 object/sys_init.o
                0x080148d8                        . = ALIGN (0x4)
 *fill*         0x080148d7        0x1 
                0x080148d8                        _etext = .
                0x080148d8                        _la_data = LOADADDR (.data)

.glue_7         0x080148d8        0x0
 .glue_7        0x080148d8        0x0 linker stubs

.glue_7t        0x080148d8        0x0
 .glue_7t       0x080148d8        0x0 linker stubs

.vfp11_veneer   0x080148d8        0x0
 .vfp11_veneer  0x080148d8        0x0 linker stubs

.v4_bx          0x080148d8        0x0
 .v4_bx         0x080148d8        0x0 linker stubs

.iplt           0x080148d8        0x0
 .iplt          0x080148d8        0x0 object/kfloat.o

.rel.dyn        0x080148d8        0x0
 .rel.iplt      0x080148d8        0x0 object/kfloat.o

.data           0x20000000       0x6c load address 0x080148d8
                0x20000000                        _sdata = .
 *(.data)
 .data          0x20000000        0x0 object/kmath.o
 .data          0x20000000        0x0 object/kfloat.o
 .data          0x20000000        0x0 object/cm4.o
 .data          0x20000000        0x0 object/mcu_info.o
 .data          0x20000000       0x61 object/kstring.o
 .data          0x20000061        0x0 object/kmain.o
 .data          0x20000061        0x0 object/stm32_startup.o
 .data          0x20000061        0x0 object/sys_clock.o
 .data          0x20000061        0x0 object/sys_usart.o
 .data          0x20000061        0x0 object/sys_gpio.o
 .data          0x20000061        0x0 object/kstdio.o
 .data          0x20000061        0x0 object/sys_init.o
 .data          0x20000061        0x0 object/unistd.o
 .data          0x20000061        0x0 object/times.o
 *fill*         0x20000061        0x3 
 .data          0x20000064        0x8 object/serial_lin.o
                0x20000064                errObj
 .data          0x2000006c        0x0 object/UsartRingBuffer.o
 .data          0x2000006c        0x0 object/debug.o
 .data          0x2000006c        0x0 object/timer.o
 .data          0x2000006c        0x0 object/sys_err.o
 .data          0x2000006c        0x0 object/sys_rtc.o
                0x2000006c                        . = ALIGN (0x4)
                0x2000006c                        _edata = .

.igot.plt       0x2000006c        0x0 load address 0x08014944
 .igot.plt      0x2000006c        0x0 object/kfloat.o

.bss            0x2000006c      0x905 load address 0x08014944
                0x2000006c                        _sbss = .
 *(.bss)
 .bss           0x2000006c        0x0 object/kmath.o
 .bss           0x2000006c        0x0 object/kfloat.o
 .bss           0x2000006c       0x10 object/cm4.o
 .bss           0x2000007c       0x14 object/mcu_info.o
 .bss           0x20000090       0x32 object/kstring.o
 .bss           0x200000c2        0x0 object/kmain.o
 *fill*         0x200000c2        0x2 
 .bss           0x200000c4        0xc object/stm32_startup.o
                0x200000c4                _bss_size
                0x200000c8                _data_size
                0x200000cc                _text_size
 .bss           0x200000d0        0x0 object/sys_clock.o
 .bss           0x200000d0        0x0 object/sys_usart.o
 .bss           0x200000d0        0x0 object/sys_gpio.o
 .bss           0x200000d0        0x0 object/kstdio.o
 .bss           0x200000d0        0x0 object/sys_init.o
 .bss           0x200000d0        0x0 object/unistd.o
 .bss           0x200000d0        0x0 object/times.o
 .bss           0x200000d0      0x890 object/serial_lin.o
                0x200000d0                huart2
                0x20000518                huart6
 .bss           0x20000960        0x0 object/UsartRingBuffer.o
 .bss           0x20000960        0xc object/debug.o
                0x20000964                CURRENT_MSP
                0x20000968                DEBUG_BUTTON
                0x2000096a                DEBUG_ANALOG_IO
 .bss           0x2000096c        0x5 object/timer.o
 .bss           0x20000971        0x0 object/sys_err.o
 .bss           0x20000971        0x0 object/sys_rtc.o
                0x20000971                        _ebss = .
OUTPUT(build/final.elf elf32-littlearm)
LOAD linker stubs

.comment        0x00000000       0x12
 .comment       0x00000000       0x12 object/kmath.o
                                 0x13 (size before relaxing)
 .comment       0x00000012       0x13 object/kfloat.o
 .comment       0x00000012       0x13 object/cm4.o
 .comment       0x00000012       0x13 object/mcu_info.o
 .comment       0x00000012       0x13 object/kstring.o
 .comment       0x00000012       0x13 object/kmain.o
 .comment       0x00000012       0x13 object/stm32_startup.o
 .comment       0x00000012       0x13 object/sys_clock.o
 .comment       0x00000012       0x13 object/sys_usart.o
 .comment       0x00000012       0x13 object/sys_gpio.o
 .comment       0x00000012       0x13 object/kstdio.o
 .comment       0x00000012       0x13 object/sys_init.o
 .comment       0x00000012       0x13 object/unistd.o
 .comment       0x00000012       0x13 object/times.o
 .comment       0x00000012       0x13 object/serial_lin.o
 .comment       0x00000012       0x13 object/UsartRingBuffer.o
 .comment       0x00000012       0x13 object/debug.o
 .comment       0x00000012       0x13 object/timer.o
 .comment       0x00000012       0x13 object/sys_err.o
 .comment       0x00000012       0x13 object/sys_rtc.o

.ARM.attributes
                0x00000000       0x32
 .ARM.attributes
                0x00000000       0x32 object/kmath.o
 .ARM.attributes
                0x00000032       0x32 object/kfloat.o
 .ARM.attributes
                0x00000064       0x32 object/cm4.o
 .ARM.attributes
                0x00000096       0x32 object/mcu_info.o
 .ARM.attributes
                0x000000c8       0x32 object/kstring.o
 .ARM.attributes
                0x000000fa       0x32 object/kmain.o
 .ARM.attributes
                0x0000012c       0x32 object/stm32_startup.o
 .ARM.attributes
                0x0000015e       0x32 object/sys_clock.o
 .ARM.attributes
                0x00000190       0x32 object/sys_usart.o
 .ARM.attributes
                0x000001c2       0x32 object/sys_gpio.o
 .ARM.attributes
                0x000001f4       0x32 object/kstdio.o
 .ARM.attributes
                0x00000226       0x32 object/sys_init.o
 .ARM.attributes
                0x00000258       0x32 object/unistd.o
 .ARM.attributes
                0x0000028a       0x32 object/times.o
 .ARM.attributes
                0x000002bc       0x32 object/serial_lin.o
 .ARM.attributes
                0x000002ee       0x32 object/UsartRingBuffer.o
 .ARM.attributes
                0x00000320       0x32 object/debug.o
 .ARM.attributes
                0x00000352       0x32 object/timer.o
 .ARM.attributes
                0x00000384       0x32 object/sys_err.o
 .ARM.attributes
                0x000003b6       0x32 object/sys_rtc.o
