
There are no discarded input sections

Memory Configuration

Name             Origin             Length             Attributes
FLASH            0x08000000         0x00010000         xr
SRAM             0x20000000         0x00020000         xrw
*default*        0x00000000         0xffffffff

Linker script and memory map

LOAD object/kmath.o
LOAD object/kfloat.o
LOAD object/cm4.o
LOAD object/mcu_info.o
LOAD object/kstring.o
LOAD object/kmain.o
LOAD object/stm32_startup.o
LOAD object/sys_clock.o
LOAD object/sys_usart.o
LOAD object/sys_gpio.o
LOAD object/kstdio.o
LOAD object/sys_init.o
LOAD object/unistd.o
LOAD object/times.o
LOAD object/serial_lin.o
LOAD object/UsartRingBuffer.o
LOAD object/debug.o
LOAD object/timer.o
LOAD object/sys_err.o
LOAD object/sys_rtc.o

.text           0x08000000     0x5528
                0x08000000                        _stext = .
 *(.isr_vector)
 .isr_vector    0x08000000      0x1c4 object/stm32_startup.o
                0x08000000                NVIC_VECTOR
 *(.text)
 .text          0x080001c4       0x4e object/kmath.o
                0x080001c4                __pow
 *fill*         0x08000212        0x2 
 .text          0x08000214      0xecc object/kfloat.o
                0x08000214                __aeabi_f2d
                0x080002da                __aeabi_d2f
                0x08000362                __aeabi_d2iz
                0x080003f2                __aeabi_d2i
                0x08000482                get_decimal_part
                0x0800056c                __aeabi_ui2d
                0x080005ec                __aeabi_d2uiz
                0x08000662                __aeabi_dsub
                0x08000920                __aeabi_dmul
                0x08000ad2                __aeabi_dadd
                0x08000d80                __aeabi_d2ulz
                0x08000dfe                __aeabi_ddiv
                0x080010a0                __aeabi_dcmpeq
 .text          0x080010e0      0x348 object/cm4.o
                0x0800114c                __SysTick_init
                0x080011d0                SysTickIntDisable
                0x080011f0                SysTickIntEnable
                0x08001210                __SysTick_enable
                0x0800123c                __sysTick_disable
                0x08001268                __getSysTickCount
                0x08001280                __updateSysTick
                0x080012d8                __getTime
                0x0800130c                __get__Second
                0x08001324                __get__Minute
                0x0800133c                __get__Hour
                0x08001354                SysTick_Handler
                0x08001388                __enable_fpu
                0x080013ac                ms_delay
                0x080013d6                getmsTick
                0x080013e4                wait_until
                0x08001416                SYS_SLEEP_WFI
 .text          0x08001428      0x1a8 object/mcu_info.o
                0x08001428                show_system_info
                0x080014d4                store_product_id
                0x080015bc                get_product_id
 .text          0x080015d0      0x914 object/kstring.o
                0x080015d0                __str_to_num
                0x080016b2                __reverse_str
                0x08001710                __strlen
                0x0800173e                convert
                0x080017bc                convertu32
                0x08001814                float2str
                0x080018e0                str2float
                0x080019e2                kmemset
                0x08001a2e                StrCat
                0x08001a78                strcopy
                0x08001ab2                clear_str
                0x08001af0                strncopy
                0x08001b42                strn4mcopy
                0x08001b90                byte_to_hex
                0x08001c04                show_byte_hex_str
                0x08001c44                show_byte_stream_hex
                0x08001c84                strcomp
                0x08001cd4                strncopy_cmd
                0x08001d22                uint16_to_str
                0x08001e74                strCat_n_to_m
 .text          0x08001ee4      0x510 object/kmain.o
                0x08001f70                flash_unlock
                0x08001fa0                flash_lock
                0x08001fc0                erase_os_memory_in_flash
                0x08002108                flash_erased_check
                0x08002150                flash_write
                0x080022a4                flash_read
                0x0800230c                set_os_version
                0x0800232c                kmain
 .text          0x080023f4       0xe8 object/stm32_startup.o
                0x080023f4                Reset_Handler
                0x080024ac                FLASH_Handler
                0x080024ac                DMA2_Stream7_Handler
                0x080024ac                OTG_HS_Handler
                0x080024ac                OTG_HS_EP1_IN_Handler
                0x080024ac                OTG_HS_WKUP_Handler
                0x080024ac                OTG_FS_WKUP_Handler
                0x080024ac                SPI4_Handler
                0x080024ac                RTC_WKUP_Handler
                0x080024ac                DMA2_Stream3_Handler
                0x080024ac                USART3_Handler
                0x080024ac                PendSV_Handler
                0x080024ac                NMI_Handler
                0x080024ac                SAI1_Handler
                0x080024ac                TIM6_DAC_Handler
                0x080024ac                CAN1_RX1_Handler
                0x080024ac                EXTI15_10_Handler
                0x080024ac                ADC_Handler
                0x080024ac                I2C1_EV_Handler
                0x080024ac                TAMP_STAMP_Handler
                0x080024ac                I2C3_ER_Handler
                0x080024ac                WWDG_Handler
                0x080024ac                EXTI4_Handler
                0x080024ac                I2C3_EV_Handler
                0x080024ac                DMA1_Stream1_Handler
                0x080024ac                DMA2_Stream4_Handler
                0x080024ac                DMA1_Stream7_Handler
                0x080024ac                OTG_FS_Handler
                0x080024ac                TIM1_BRK_TIM9_Handler
                0x080024ac                I2C1_ER_Handler
                0x080024ac                DMA1_Stream3_Handler
                0x080024ac                UsageFault_Handler
                0x080024ac                TIM1_UP_TIM10_Handler
                0x080024ac                CAN1_RX0_Handler
                0x080024ac                TIM1_CC_Handler
                0x080024ac                I2C2_ER_Handler
                0x080024ac                TIM8_CC_Handler
                0x080024ac                HDMI_CEC_Handler
                0x080024ac                SAI2_Handler
                0x080024ac                CAN1_SCE_Handler
                0x080024ac                DMA1_Stream0_Handler
                0x080024ac                OTG_HS_EP1_OUT_Handler
                0x080024ac                EXTI1_Handler
                0x080024ac                FMC_Handler
                0x080024ac                EXTI3_Handler
                0x080024ac                EXTI2_Handler
                0x080024ac                UART4_Handler
                0x080024ac                CAN2_RX1_Handler
                0x080024ac                EXTI9_5_Handler
                0x080024ac                USART1_Handler
                0x080024ac                CAN2_SCE_Handler
                0x080024ac                TIM3_Handler
                0x080024ac                DMA2_Stream6_Handler
                0x080024ac                Default_Handler
                0x080024ac                DCMI_Handler
                0x080024ac                TIM1_TRG_COM_TIM11_Handler
                0x080024ac                RTC_Alarm_Handler
                0x080024ac                TIM4_Handler
                0x080024ac                TIM8_UP_TIM13_Handler
                0x080024ac                CAN2_TX_Handler
                0x080024ac                SPI2_Handler
                0x080024ac                DMA2_Stream1_Handler
                0x080024ac                DMA1_Stream2_Handler
                0x080024ac                EXTI0_Handler
                0x080024ac                TIM8_BRK_TIM12_Handler
                0x080024ac                CAN2_RX0_Handler
                0x080024ac                DMA2_Stream5_Handler
                0x080024ac                DMA1_Stream6_Handler
                0x080024ac                SDIO_Handler
                0x080024ac                FMPI2C1_ERR_Handler
                0x080024ac                SPI1_Handler
                0x080024ac                I2C2_EV_Handler
                0x080024ac                SPDIF_Rx_Handler
                0x080024ac                DMA2_Stream2_Handler
                0x080024ac                SPI3_Handler
                0x080024ac                DMA2_Stream0_Handler
                0x080024ac                RCC_Handler
                0x080024ac                PVD_Handler
                0x080024ac                UART5_Handler
                0x080024ac                DMA1_Stream5_Handler
                0x080024ac                TIM5_Handler
                0x080024ac                QuadSPI_Handler
                0x080024ac                TIM7_Handler
                0x080024ac                TIM8_TRG_COM_TIM14_Handler
                0x080024ac                CAN1_TX_Handler
                0x080024ac                FPU_Handler
                0x080024ac                FMPI2C1_Handler
                0x080024ac                DMA1_Stream4_Handler
                0x080024ac                DebugMonitor_Handler
                0x080024b4                HardFault_Handler
                0x080024bc                MemManage_Handler
                0x080024c4                BusFault_Handler
                0x080024cc                SVCall_Handler
 .text          0x080024dc      0x308 object/sys_clock.o
                0x080024dc                __init_sys_clock
                0x080025a8                __APB1CLK_FREQ
                0x08002624                __APB2CLK_FREQ
                0x080026a0                __PLL_SYS_CLK
                0x08002738                __AHB_CLK
 .text          0x080027e4      0x584 object/sys_usart.o
                0x08002894                UART_Init
                0x0800292e                UART_DeInit
                0x0800299c                UART_BRR_SAMPLING16
                0x08002b30                UART_MspInit
 .text          0x08002d68      0x5bc object/sys_gpio.o
                0x08002d68                GPIO_WritePin
                0x08002d9a                GPIO_Init
                0x080030a0                GPIO_DeInit
                0x08003288                SPI_GPIOInit
 .text          0x08003324      0x35c object/kstdio.o
                0x08003324                kprintf
                0x080034b8                putstr
                0x08003504                kscanf
 .text          0x08003680      0x64c object/sys_init.o
                0x0800370c                __sys_init
                0x080037b8                calculate_crc32
                0x08003838                __sys_disable
                0x08003880                SYS_ROUTINE
                0x0800388c                display_status
                0x080038a0                compare_strings
                0x08003906                check_version
                0x080039d4                char_array_to_int
                0x08003a36                system_update
                0x08003c04                get_updated_os
                0x08003c28                get_size
                0x08003c40                get_crc_error
                0x08003c58                get_server_version
                0x08003c78                get_os_version
 .text          0x08003ccc        0x0 object/unistd.o
 .text          0x08003ccc        0x0 object/times.o
 .text          0x08003ccc      0x1b8 object/serial_lin.o
                0x08003ccc                SerialLin2_init
                0x08003d64                SerialLin6_init
                0x08003dfc                USART2_Handler
                0x08003e10                USART6_Handler
                0x08003e24                noIntWrite
                0x08003e54                noIntSendString
 .text          0x08003e84      0xc38 object/UsartRingBuffer.o
                0x08003e84                Ringbuf_init
                0x08003f1e                Look_for
                0x08003fbe                GetDataFromBuffer
                0x080040fe                Uart_flush
                0x0800413a                Uart_peek
                0x080041b4                Uart_read
                0x08004254                Uart_write
                0x0800430c                IsDataAvailable
                0x08004390                Get_after
                0x080043ee                Uart_sendstring
                0x0800441c                Uart_printbase
                0x080044b4                Copy_upto
                0x080045b4                Wait_for
                0x080046a0                look_for_frame
                0x08004806                Uart_isr
                0x08004914                update_tail
                0x0800497a                debug_buffer
                0x08004a00                DisableUart
 .text          0x08004abc      0x110 object/debug.o
                0x08004abc                __debugRamUsage
                0x08004b08                __digitalWriteDebugButton
                0x08004b64                __digitalReadDebugButton
                0x08004b94                __alalogReadDebug
                0x08004bac                __analogWriteDebug
 .text          0x08004bcc      0x2b8 object/timer.o
                0x08004c4c                ConfigTimer2ForSystem
                0x08004cc8                Delay_micro_second
                0x08004d5c                Delay
                0x08004d8a                getMiliseconds
                0x08004dcc                getMicroseconds
                0x08004dfc                TIM2_Handler
                0x08004e38                DisableTimer2
 .text          0x08004e84       0x14 object/sys_err.o
                0x08004e84                Error_Handler
 .text          0x08004e98      0x364 object/sys_rtc.o
                0x08004e98                SYS_RTC_init
                0x08005140                get_timeofDay
 *(.rodata)
 .rodata        0x080051fc       0x64 object/mcu_info.o
 .rodata        0x08005260        0x6 object/kstring.o
 *fill*         0x08005266        0x2 
 .rodata        0x08005268      0x204 object/kmain.o
 .rodata        0x0800546c        0x4 object/stm32_startup.o
                0x0800546c                STACK_START
 .rodata        0x08005470       0x18 object/sys_clock.o
                0x08005470                AHBPrescTable
                0x08005480                APBPrescTable
 .rodata        0x08005488       0xa0 object/sys_init.o
                0x08005488                CHUNK_SIZE
                0x08005528                        . = ALIGN (0x4)
                0x08005528                        _etext = .
                0x08005528                        _la_data = LOADADDR (.data)

.glue_7         0x08005528        0x0
 .glue_7        0x08005528        0x0 linker stubs

.glue_7t        0x08005528        0x0
 .glue_7t       0x08005528        0x0 linker stubs

.vfp11_veneer   0x08005528        0x0
 .vfp11_veneer  0x08005528        0x0 linker stubs

.v4_bx          0x08005528        0x0
 .v4_bx         0x08005528        0x0 linker stubs

.iplt           0x08005528        0x0
 .iplt          0x08005528        0x0 object/kfloat.o

.rel.dyn        0x08005528        0x0
 .rel.iplt      0x08005528        0x0 object/kfloat.o

.data           0x20000000       0x6c load address 0x08005528
                0x20000000                        _sdata = .
 *(.data)
 .data          0x20000000        0x0 object/kmath.o
 .data          0x20000000        0x0 object/kfloat.o
 .data          0x20000000        0x0 object/cm4.o
 .data          0x20000000        0x0 object/mcu_info.o
 .data          0x20000000       0x61 object/kstring.o
 .data          0x20000061        0x0 object/kmain.o
 .data          0x20000061        0x0 object/stm32_startup.o
 .data          0x20000061        0x0 object/sys_clock.o
 .data          0x20000061        0x0 object/sys_usart.o
 .data          0x20000061        0x0 object/sys_gpio.o
 .data          0x20000061        0x0 object/kstdio.o
 .data          0x20000061        0x0 object/sys_init.o
 .data          0x20000061        0x0 object/unistd.o
 .data          0x20000061        0x0 object/times.o
 *fill*         0x20000061        0x3 
 .data          0x20000064        0x8 object/serial_lin.o
                0x20000064                errObj
 .data          0x2000006c        0x0 object/UsartRingBuffer.o
 .data          0x2000006c        0x0 object/debug.o
 .data          0x2000006c        0x0 object/timer.o
 .data          0x2000006c        0x0 object/sys_err.o
 .data          0x2000006c        0x0 object/sys_rtc.o
                0x2000006c                        . = ALIGN (0x4)
                0x2000006c                        _edata = .

.igot.plt       0x2000006c        0x0 load address 0x08005594
 .igot.plt      0x2000006c        0x0 object/kfloat.o

.bss            0x2000006c    0x18fc1 load address 0x08005594
                0x2000006c                        _sbss = .
 *(.bss)
 .bss           0x2000006c        0x0 object/kmath.o
 .bss           0x2000006c        0x0 object/kfloat.o
 .bss           0x2000006c       0x10 object/cm4.o
 .bss           0x2000007c       0x14 object/mcu_info.o
 .bss           0x20000090       0x32 object/kstring.o
 .bss           0x200000c2        0x0 object/kmain.o
 *fill*         0x200000c2        0x2 
 .bss           0x200000c4        0xc object/stm32_startup.o
                0x200000c4                _bss_size
                0x200000c8                _data_size
                0x200000cc                _text_size
 .bss           0x200000d0        0x0 object/sys_clock.o
 .bss           0x200000d0        0x0 object/sys_usart.o
 .bss           0x200000d0        0x0 object/sys_gpio.o
 .bss           0x200000d0        0x0 object/kstdio.o
 .bss           0x200000d0    0x186bc object/sys_init.o
                0x200000d0                updated_os
                0x20018778                os_size
                0x2001877c                update_flag
                0x20018780                crc_error_flag
                0x20018784                os_version
                0x20018788                server_version
 .bss           0x2001878c        0x0 object/unistd.o
 .bss           0x2001878c        0x0 object/times.o
 .bss           0x2001878c      0x890 object/serial_lin.o
                0x2001878c                huart2
                0x20018bd4                huart6
 .bss           0x2001901c        0x0 object/UsartRingBuffer.o
 .bss           0x2001901c        0xc object/debug.o
                0x20019020                CURRENT_MSP
                0x20019024                DEBUG_BUTTON
                0x20019026                DEBUG_ANALOG_IO
 .bss           0x20019028        0x5 object/timer.o
 .bss           0x2001902d        0x0 object/sys_err.o
 .bss           0x2001902d        0x0 object/sys_rtc.o
                0x2001902d                        _ebss = .
OUTPUT(build/final.elf elf32-littlearm)
LOAD linker stubs

.comment        0x00000000       0x12
 .comment       0x00000000       0x12 object/kmath.o
                                 0x13 (size before relaxing)
 .comment       0x00000012       0x13 object/kfloat.o
 .comment       0x00000012       0x13 object/cm4.o
 .comment       0x00000012       0x13 object/mcu_info.o
 .comment       0x00000012       0x13 object/kstring.o
 .comment       0x00000012       0x13 object/kmain.o
 .comment       0x00000012       0x13 object/stm32_startup.o
 .comment       0x00000012       0x13 object/sys_clock.o
 .comment       0x00000012       0x13 object/sys_usart.o
 .comment       0x00000012       0x13 object/sys_gpio.o
 .comment       0x00000012       0x13 object/kstdio.o
 .comment       0x00000012       0x13 object/sys_init.o
 .comment       0x00000012       0x13 object/unistd.o
 .comment       0x00000012       0x13 object/times.o
 .comment       0x00000012       0x13 object/serial_lin.o
 .comment       0x00000012       0x13 object/UsartRingBuffer.o
 .comment       0x00000012       0x13 object/debug.o
 .comment       0x00000012       0x13 object/timer.o
 .comment       0x00000012       0x13 object/sys_err.o
 .comment       0x00000012       0x13 object/sys_rtc.o

.ARM.attributes
                0x00000000       0x32
 .ARM.attributes
                0x00000000       0x32 object/kmath.o
 .ARM.attributes
                0x00000032       0x32 object/kfloat.o
 .ARM.attributes
                0x00000064       0x32 object/cm4.o
 .ARM.attributes
                0x00000096       0x32 object/mcu_info.o
 .ARM.attributes
                0x000000c8       0x32 object/kstring.o
 .ARM.attributes
                0x000000fa       0x32 object/kmain.o
 .ARM.attributes
                0x0000012c       0x32 object/stm32_startup.o
 .ARM.attributes
                0x0000015e       0x32 object/sys_clock.o
 .ARM.attributes
                0x00000190       0x32 object/sys_usart.o
 .ARM.attributes
                0x000001c2       0x32 object/sys_gpio.o
 .ARM.attributes
                0x000001f4       0x32 object/kstdio.o
 .ARM.attributes
                0x00000226       0x32 object/sys_init.o
 .ARM.attributes
                0x00000258       0x32 object/unistd.o
 .ARM.attributes
                0x0000028a       0x32 object/times.o
 .ARM.attributes
                0x000002bc       0x32 object/serial_lin.o
 .ARM.attributes
                0x000002ee       0x32 object/UsartRingBuffer.o
 .ARM.attributes
                0x00000320       0x32 object/debug.o
 .ARM.attributes
                0x00000352       0x32 object/timer.o
 .ARM.attributes
                0x00000384       0x32 object/sys_err.o
 .ARM.attributes
                0x000003b6       0x32 object/sys_rtc.o
