
There are no discarded input sections

Memory Configuration

Name             Origin             Length             Attributes
FLASH            0x08000000         0x00080000         xr
SRAM             0x20000000         0x00020000         xrw
*default*        0x00000000         0xffffffff

Linker script and memory map

LOAD object/kmath.o
LOAD object/kfloat.o
LOAD object/cm4.o
LOAD object/mcu_info.o
LOAD object/kstring.o
LOAD object/kmain.o
LOAD object/stm32_startup.o
LOAD object/sys_clock.o
LOAD object/sys_usart.o
LOAD object/sys_gpio.o
LOAD object/kstdio.o
LOAD object/sys_init.o
LOAD object/unistd.o
LOAD object/times.o
LOAD object/serial_lin.o
LOAD object/UsartRingBuffer.o
LOAD object/debug.o
LOAD object/timer.o
LOAD object/sys_err.o
LOAD object/sys_rtc.o

.text           0x08000000     0x489c
                0x08000000                        _stext = .
 *(.isr_vector)
 .isr_vector    0x08000000      0x1c4 object/stm32_startup.o
                0x08000000                NVIC_VECTOR
 *(.text)
 .text          0x080001c4       0x4e object/kmath.o
                0x080001c4                __pow
 *fill*         0x08000212        0x2 
 .text          0x08000214      0xecc object/kfloat.o
                0x08000214                __aeabi_f2d
                0x080002da                __aeabi_d2f
                0x08000362                __aeabi_d2iz
                0x080003f2                __aeabi_d2i
                0x08000482                get_decimal_part
                0x0800056c                __aeabi_ui2d
                0x080005ec                __aeabi_d2uiz
                0x08000662                __aeabi_dsub
                0x08000920                __aeabi_dmul
                0x08000ad2                __aeabi_dadd
                0x08000d80                __aeabi_d2ulz
                0x08000dfe                __aeabi_ddiv
                0x080010a0                __aeabi_dcmpeq
 .text          0x080010e0      0x348 object/cm4.o
                0x0800114c                __SysTick_init
                0x080011d0                SysTickIntDisable
                0x080011f0                SysTickIntEnable
                0x08001210                __SysTick_enable
                0x0800123c                __sysTick_disable
                0x08001268                __getSysTickCount
                0x08001280                __updateSysTick
                0x080012d8                __getTime
                0x0800130c                __get__Second
                0x08001324                __get__Minute
                0x0800133c                __get__Hour
                0x08001354                SysTick_Handler
                0x08001388                __enable_fpu
                0x080013ac                ms_delay
                0x080013d6                getmsTick
                0x080013e4                wait_until
                0x08001416                SYS_SLEEP_WFI
 .text          0x08001428      0x1a8 object/mcu_info.o
                0x08001428                show_system_info
                0x080014d4                store_product_id
                0x080015bc                get_product_id
 .text          0x080015d0      0x914 object/kstring.o
                0x080015d0                __str_to_num
                0x080016b2                __reverse_str
                0x08001710                __strlen
                0x0800173e                convert
                0x080017bc                convertu32
                0x08001814                float2str
                0x080018e0                str2float
                0x080019e2                kmemset
                0x08001a2e                StrCat
                0x08001a78                strcopy
                0x08001ab2                clear_str
                0x08001af0                strncopy
                0x08001b42                strn4mcopy
                0x08001b90                byte_to_hex
                0x08001c04                show_byte_hex_str
                0x08001c44                show_byte_stream_hex
                0x08001c84                strcomp
                0x08001cd4                strncopy_cmd
                0x08001d22                uint16_to_str
                0x08001e74                strCat_n_to_m
 .text          0x08001ee4        0xc object/kmain.o
                0x08001ee4                kmain
 .text          0x08001ef0       0xe8 object/stm32_startup.o
                0x08001ef0                Reset_Handler
                0x08001fa8                FLASH_Handler
                0x08001fa8                DMA2_Stream7_Handler
                0x08001fa8                OTG_HS_Handler
                0x08001fa8                OTG_HS_EP1_IN_Handler
                0x08001fa8                OTG_HS_WKUP_Handler
                0x08001fa8                OTG_FS_WKUP_Handler
                0x08001fa8                SPI4_Handler
                0x08001fa8                RTC_WKUP_Handler
                0x08001fa8                DMA2_Stream3_Handler
                0x08001fa8                USART3_Handler
                0x08001fa8                PendSV_Handler
                0x08001fa8                NMI_Handler
                0x08001fa8                SAI1_Handler
                0x08001fa8                TIM6_DAC_Handler
                0x08001fa8                CAN1_RX1_Handler
                0x08001fa8                EXTI15_10_Handler
                0x08001fa8                ADC_Handler
                0x08001fa8                I2C1_EV_Handler
                0x08001fa8                TAMP_STAMP_Handler
                0x08001fa8                I2C3_ER_Handler
                0x08001fa8                WWDG_Handler
                0x08001fa8                EXTI4_Handler
                0x08001fa8                I2C3_EV_Handler
                0x08001fa8                DMA1_Stream1_Handler
                0x08001fa8                DMA2_Stream4_Handler
                0x08001fa8                DMA1_Stream7_Handler
                0x08001fa8                OTG_FS_Handler
                0x08001fa8                TIM1_BRK_TIM9_Handler
                0x08001fa8                I2C1_ER_Handler
                0x08001fa8                DMA1_Stream3_Handler
                0x08001fa8                UsageFault_Handler
                0x08001fa8                TIM1_UP_TIM10_Handler
                0x08001fa8                CAN1_RX0_Handler
                0x08001fa8                TIM1_CC_Handler
                0x08001fa8                I2C2_ER_Handler
                0x08001fa8                TIM8_CC_Handler
                0x08001fa8                HDMI_CEC_Handler
                0x08001fa8                SAI2_Handler
                0x08001fa8                CAN1_SCE_Handler
                0x08001fa8                DMA1_Stream0_Handler
                0x08001fa8                OTG_HS_EP1_OUT_Handler
                0x08001fa8                EXTI1_Handler
                0x08001fa8                FMC_Handler
                0x08001fa8                EXTI3_Handler
                0x08001fa8                EXTI2_Handler
                0x08001fa8                UART4_Handler
                0x08001fa8                CAN2_RX1_Handler
                0x08001fa8                EXTI9_5_Handler
                0x08001fa8                USART1_Handler
                0x08001fa8                CAN2_SCE_Handler
                0x08001fa8                TIM3_Handler
                0x08001fa8                DMA2_Stream6_Handler
                0x08001fa8                Default_Handler
                0x08001fa8                DCMI_Handler
                0x08001fa8                TIM1_TRG_COM_TIM11_Handler
                0x08001fa8                RTC_Alarm_Handler
                0x08001fa8                TIM4_Handler
                0x08001fa8                TIM8_UP_TIM13_Handler
                0x08001fa8                CAN2_TX_Handler
                0x08001fa8                SPI2_Handler
                0x08001fa8                DMA2_Stream1_Handler
                0x08001fa8                DMA1_Stream2_Handler
                0x08001fa8                EXTI0_Handler
                0x08001fa8                TIM8_BRK_TIM12_Handler
                0x08001fa8                CAN2_RX0_Handler
                0x08001fa8                DMA2_Stream5_Handler
                0x08001fa8                DMA1_Stream6_Handler
                0x08001fa8                SDIO_Handler
                0x08001fa8                FMPI2C1_ERR_Handler
                0x08001fa8                SPI1_Handler
                0x08001fa8                I2C2_EV_Handler
                0x08001fa8                SPDIF_Rx_Handler
                0x08001fa8                DMA2_Stream2_Handler
                0x08001fa8                SPI3_Handler
                0x08001fa8                DMA2_Stream0_Handler
                0x08001fa8                RCC_Handler
                0x08001fa8                PVD_Handler
                0x08001fa8                UART5_Handler
                0x08001fa8                DMA1_Stream5_Handler
                0x08001fa8                TIM5_Handler
                0x08001fa8                QuadSPI_Handler
                0x08001fa8                TIM7_Handler
                0x08001fa8                TIM8_TRG_COM_TIM14_Handler
                0x08001fa8                CAN1_TX_Handler
                0x08001fa8                FPU_Handler
                0x08001fa8                FMPI2C1_Handler
                0x08001fa8                DMA1_Stream4_Handler
                0x08001fa8                DebugMonitor_Handler
                0x08001fb0                HardFault_Handler
                0x08001fb8                MemManage_Handler
                0x08001fc0                BusFault_Handler
                0x08001fc8                SVCall_Handler
 .text          0x08001fd8      0x308 object/sys_clock.o
                0x08001fd8                __init_sys_clock
                0x080020a4                __APB1CLK_FREQ
                0x08002120                __APB2CLK_FREQ
                0x0800219c                __PLL_SYS_CLK
                0x08002234                __AHB_CLK
 .text          0x080022e0      0x584 object/sys_usart.o
                0x08002390                UART_Init
                0x0800242a                UART_DeInit
                0x08002498                UART_BRR_SAMPLING16
                0x0800262c                UART_MspInit
 .text          0x08002864      0x5bc object/sys_gpio.o
                0x08002864                GPIO_WritePin
                0x08002896                GPIO_Init
                0x08002b9c                GPIO_DeInit
                0x08002d84                SPI_GPIOInit
 .text          0x08002e20      0x34c object/kstdio.o
                0x08002e20                kprintf
                0x08002fb4                putstr
                0x08003000                kscanf
 .text          0x0800316c      0x140 object/sys_init.o
                0x080031b4                __sys_init
                0x08003270                SYS_ROUTINE
                0x0800327c                display_group_info
 .text          0x080032ac        0x0 object/unistd.o
 .text          0x080032ac        0x0 object/times.o
 .text          0x080032ac      0x1b8 object/serial_lin.o
                0x080032ac                SerialLin2_init
                0x08003344                SerialLin6_init
                0x080033dc                USART2_Handler
                0x080033f0                USART6_Handler
                0x08003404                noIntWrite
                0x08003434                noIntSendString
 .text          0x08003464      0xb7c object/UsartRingBuffer.o
                0x08003464                Ringbuf_init
                0x080034fe                Look_for
                0x0800359e                GetDataFromBuffer
                0x080036de                Uart_flush
                0x0800371a                Uart_peek
                0x08003794                Uart_read
                0x08003834                Uart_write
                0x080038ec                IsDataAvailable
                0x08003970                Get_after
                0x080039ce                Uart_sendstring
                0x080039fc                Uart_printbase
                0x08003a94                Copy_upto
                0x08003b94                Wait_for
                0x08003c80                look_for_frame
                0x08003de6                Uart_isr
                0x08003ef4                update_tail
                0x08003f5a                debug_buffer
 .text          0x08003fe0      0x110 object/debug.o
                0x08003fe0                __debugRamUsage
                0x0800402c                __digitalWriteDebugButton
                0x08004088                __digitalReadDebugButton
                0x080040b8                __alalogReadDebug
                0x080040d0                __analogWriteDebug
 .text          0x080040f0      0x228 object/timer.o
                0x0800412c                ConfigTimer2ForSystem
                0x080041a8                Delay_micro_second
                0x0800423c                Delay
                0x0800426a                getMiliseconds
                0x080042ac                getMicroseconds
                0x080042dc                TIM2_Handler
 .text          0x08004318       0x14 object/sys_err.o
                0x08004318                Error_Handler
 .text          0x0800432c      0x364 object/sys_rtc.o
                0x0800432c                SYS_RTC_init
                0x080045d4                get_timeofDay
 *(.rodata)
 .rodata        0x08004690       0x64 object/mcu_info.o
 .rodata        0x080046f4        0x6 object/kstring.o
 *fill*         0x080046fa        0x2 
 .rodata        0x080046fc        0x4 object/stm32_startup.o
                0x080046fc                STACK_START
 .rodata        0x08004700       0x18 object/sys_clock.o
                0x08004700                AHBPrescTable
                0x08004710                APBPrescTable
 .rodata        0x08004718      0x183 object/sys_init.o
                0x0800489c                        . = ALIGN (0x4)
 *fill*         0x0800489b        0x1 
                0x0800489c                        _etext = .
                0x0800489c                        _la_data = LOADADDR (.data)

.glue_7         0x0800489c        0x0
 .glue_7        0x0800489c        0x0 linker stubs

.glue_7t        0x0800489c        0x0
 .glue_7t       0x0800489c        0x0 linker stubs

.vfp11_veneer   0x0800489c        0x0
 .vfp11_veneer  0x0800489c        0x0 linker stubs

.v4_bx          0x0800489c        0x0
 .v4_bx         0x0800489c        0x0 linker stubs

.iplt           0x0800489c        0x0
 .iplt          0x0800489c        0x0 object/kfloat.o

.rel.dyn        0x0800489c        0x0
 .rel.iplt      0x0800489c        0x0 object/kfloat.o

.data           0x20000000       0x6c load address 0x0800489c
                0x20000000                        _sdata = .
 *(.data)
 .data          0x20000000        0x0 object/kmath.o
 .data          0x20000000        0x0 object/kfloat.o
 .data          0x20000000        0x0 object/cm4.o
 .data          0x20000000        0x0 object/mcu_info.o
 .data          0x20000000       0x61 object/kstring.o
 .data          0x20000061        0x0 object/kmain.o
 .data          0x20000061        0x0 object/stm32_startup.o
 .data          0x20000061        0x0 object/sys_clock.o
 .data          0x20000061        0x0 object/sys_usart.o
 .data          0x20000061        0x0 object/sys_gpio.o
 .data          0x20000061        0x0 object/kstdio.o
 .data          0x20000061        0x0 object/sys_init.o
 .data          0x20000061        0x0 object/unistd.o
 .data          0x20000061        0x0 object/times.o
 *fill*         0x20000061        0x3 
 .data          0x20000064        0x8 object/serial_lin.o
                0x20000064                errObj
 .data          0x2000006c        0x0 object/UsartRingBuffer.o
 .data          0x2000006c        0x0 object/debug.o
 .data          0x2000006c        0x0 object/timer.o
 .data          0x2000006c        0x0 object/sys_err.o
 .data          0x2000006c        0x0 object/sys_rtc.o
                0x2000006c                        . = ALIGN (0x4)
                0x2000006c                        _edata = .

.igot.plt       0x2000006c        0x0 load address 0x08004908
 .igot.plt      0x2000006c        0x0 object/kfloat.o

.bss            0x2000006c      0x905 load address 0x08004908
                0x2000006c                        _sbss = .
 *(.bss)
 .bss           0x2000006c        0x0 object/kmath.o
 .bss           0x2000006c        0x0 object/kfloat.o
 .bss           0x2000006c       0x10 object/cm4.o
 .bss           0x2000007c       0x14 object/mcu_info.o
 .bss           0x20000090       0x32 object/kstring.o
 .bss           0x200000c2        0x0 object/kmain.o
 *fill*         0x200000c2        0x2 
 .bss           0x200000c4        0xc object/stm32_startup.o
                0x200000c4                _bss_size
                0x200000c8                _data_size
                0x200000cc                _text_size
 .bss           0x200000d0        0x0 object/sys_clock.o
 .bss           0x200000d0        0x0 object/sys_usart.o
 .bss           0x200000d0        0x0 object/sys_gpio.o
 .bss           0x200000d0        0x0 object/kstdio.o
 .bss           0x200000d0        0x0 object/sys_init.o
 .bss           0x200000d0        0x0 object/unistd.o
 .bss           0x200000d0        0x0 object/times.o
 .bss           0x200000d0      0x890 object/serial_lin.o
                0x200000d0                huart2
                0x20000518                huart6
 .bss           0x20000960        0x0 object/UsartRingBuffer.o
 .bss           0x20000960        0xc object/debug.o
                0x20000964                CURRENT_MSP
                0x20000968                DEBUG_BUTTON
                0x2000096a                DEBUG_ANALOG_IO
 .bss           0x2000096c        0x5 object/timer.o
 .bss           0x20000971        0x0 object/sys_err.o
 .bss           0x20000971        0x0 object/sys_rtc.o
                0x20000971                        _ebss = .
OUTPUT(build/final.elf elf32-littlearm)
LOAD linker stubs

.comment        0x00000000       0x12
 .comment       0x00000000       0x12 object/kmath.o
                                 0x13 (size before relaxing)
 .comment       0x00000012       0x13 object/kfloat.o
 .comment       0x00000012       0x13 object/cm4.o
 .comment       0x00000012       0x13 object/mcu_info.o
 .comment       0x00000012       0x13 object/kstring.o
 .comment       0x00000012       0x13 object/kmain.o
 .comment       0x00000012       0x13 object/stm32_startup.o
 .comment       0x00000012       0x13 object/sys_clock.o
 .comment       0x00000012       0x13 object/sys_usart.o
 .comment       0x00000012       0x13 object/sys_gpio.o
 .comment       0x00000012       0x13 object/kstdio.o
 .comment       0x00000012       0x13 object/sys_init.o
 .comment       0x00000012       0x13 object/unistd.o
 .comment       0x00000012       0x13 object/times.o
 .comment       0x00000012       0x13 object/serial_lin.o
 .comment       0x00000012       0x13 object/UsartRingBuffer.o
 .comment       0x00000012       0x13 object/debug.o
 .comment       0x00000012       0x13 object/timer.o
 .comment       0x00000012       0x13 object/sys_err.o
 .comment       0x00000012       0x13 object/sys_rtc.o

.ARM.attributes
                0x00000000       0x32
 .ARM.attributes
                0x00000000       0x32 object/kmath.o
 .ARM.attributes
                0x00000032       0x32 object/kfloat.o
 .ARM.attributes
                0x00000064       0x32 object/cm4.o
 .ARM.attributes
                0x00000096       0x32 object/mcu_info.o
 .ARM.attributes
                0x000000c8       0x32 object/kstring.o
 .ARM.attributes
                0x000000fa       0x32 object/kmain.o
 .ARM.attributes
                0x0000012c       0x32 object/stm32_startup.o
 .ARM.attributes
                0x0000015e       0x32 object/sys_clock.o
 .ARM.attributes
                0x00000190       0x32 object/sys_usart.o
 .ARM.attributes
                0x000001c2       0x32 object/sys_gpio.o
 .ARM.attributes
                0x000001f4       0x32 object/kstdio.o
 .ARM.attributes
                0x00000226       0x32 object/sys_init.o
 .ARM.attributes
                0x00000258       0x32 object/unistd.o
 .ARM.attributes
                0x0000028a       0x32 object/times.o
 .ARM.attributes
                0x000002bc       0x32 object/serial_lin.o
 .ARM.attributes
                0x000002ee       0x32 object/UsartRingBuffer.o
 .ARM.attributes
                0x00000320       0x32 object/debug.o
 .ARM.attributes
                0x00000352       0x32 object/timer.o
 .ARM.attributes
                0x00000384       0x32 object/sys_err.o
 .ARM.attributes
                0x000003b6       0x32 object/sys_rtc.o
